Component: ARM Compiler 5.06 update 6 (build 750) Tool: armlink [4d35ed]

==============================================================================

Section Cross References

    main.o(i.GPIOA_Init_AIN) refers to stm32f4xx_rcc.o(i.RCC_AHB1PeriphClockCmd) for RCC_AHB1PeriphClockCmd
    main.o(i.GPIOA_Init_AIN) refers to stm32f4xx_gpio.o(i.GPIO_Init) for GPIO_Init
    main.o(i.GPIOB_Init_OUTPUT) refers to stm32f4xx_rcc.o(i.RCC_AHB1PeriphClockCmd) for RCC_AHB1PeriphClockCmd
    main.o(i.GPIOB_Init_OUTPUT) refers to stm32f4xx_gpio.o(i.GPIO_Init) for GPIO_Init
    main.o(i.GPIOC_Init_AIN) refers to stm32f4xx_rcc.o(i.RCC_AHB1PeriphClockCmd) for RCC_AHB1PeriphClockCmd
    main.o(i.GPIOC_Init_AIN) refers to stm32f4xx_gpio.o(i.GPIO_Init) for GPIO_Init
    main.o(i.GPIOC_Init_OUTPUT) refers to stm32f4xx_rcc.o(i.RCC_AHB1PeriphClockCmd) for RCC_AHB1PeriphClockCmd
    main.o(i.GPIOC_Init_OUTPUT) refers to stm32f4xx_gpio.o(i.GPIO_Init) for GPIO_Init
    main.o(i.GPIOE_Disable_OUTPUT) refers to stm32f4xx_rcc.o(i.RCC_AHB1PeriphClockCmd) for RCC_AHB1PeriphClockCmd
    main.o(i.GPIOE_Disable_OUTPUT) refers to stm32f4xx_gpio.o(i.GPIO_Init) for GPIO_Init
    main.o(i.GPIOE_Init_OUTPUT) refers to stm32f4xx_rcc.o(i.RCC_AHB1PeriphClockCmd) for RCC_AHB1PeriphClockCmd
    main.o(i.GPIOE_Init_OUTPUT) refers to stm32f4xx_gpio.o(i.GPIO_Init) for GPIO_Init
    main.o(i.GPIOF_Init_AIN) refers to stm32f4xx_rcc.o(i.RCC_AHB1PeriphClockCmd) for RCC_AHB1PeriphClockCmd
    main.o(i.GPIOF_Init_AIN) refers to stm32f4xx_gpio.o(i.GPIO_Init) for GPIO_Init
    main.o(i.GPIOF_Init_OUTPUT) refers to stm32f4xx_rcc.o(i.RCC_AHB1PeriphClockCmd) for RCC_AHB1PeriphClockCmd
    main.o(i.GPIOF_Init_OUTPUT) refers to stm32f4xx_gpio.o(i.GPIO_Init) for GPIO_Init
    main.o(i.GPIOG_Init_OUTPUT) refers to stm32f4xx_rcc.o(i.RCC_AHB1PeriphClockCmd) for RCC_AHB1PeriphClockCmd
    main.o(i.GPIOG_Init_OUTPUT) refers to stm32f4xx_gpio.o(i.GPIO_Init) for GPIO_Init
    main.o(i.Init_ADC1) refers to stm32f4xx_rcc.o(i.RCC_APB2PeriphClockCmd) for RCC_APB2PeriphClockCmd
    main.o(i.Init_ADC1) refers to stm32f4xx_adc.o(i.ADC_CommonInit) for ADC_CommonInit
    main.o(i.Init_ADC1) refers to stm32f4xx_adc.o(i.ADC_RegularChannelConfig) for ADC_RegularChannelConfig
    main.o(i.Init_ADC1) refers to stm32f4xx_adc.o(i.ADC_Init) for ADC_Init
    main.o(i.Init_ADC1) refers to stm32f4xx_adc.o(i.ADC_DMARequestAfterLastTransferCmd) for ADC_DMARequestAfterLastTransferCmd
    main.o(i.Init_ADC1) refers to stm32f4xx_adc.o(i.ADC_DMACmd) for ADC_DMACmd
    main.o(i.Init_ADC1) refers to stm32f4xx_adc.o(i.ADC_Cmd) for ADC_Cmd
    main.o(i.Init_ADC2) refers to stm32f4xx_rcc.o(i.RCC_APB2PeriphClockCmd) for RCC_APB2PeriphClockCmd
    main.o(i.Init_ADC2) refers to stm32f4xx_adc.o(i.ADC_CommonInit) for ADC_CommonInit
    main.o(i.Init_ADC2) refers to stm32f4xx_adc.o(i.ADC_RegularChannelConfig) for ADC_RegularChannelConfig
    main.o(i.Init_ADC2) refers to stm32f4xx_adc.o(i.ADC_Init) for ADC_Init
    main.o(i.Init_ADC2) refers to stm32f4xx_adc.o(i.ADC_Cmd) for ADC_Cmd
    main.o(i.Init_ADC2) refers to stm32f4xx_adc.o(i.ADC_DMARequestAfterLastTransferCmd) for ADC_DMARequestAfterLastTransferCmd
    main.o(i.Init_ADC2) refers to stm32f4xx_adc.o(i.ADC_DMACmd) for ADC_DMACmd
    main.o(i.Init_ADC3) refers to stm32f4xx_rcc.o(i.RCC_APB2PeriphClockCmd) for RCC_APB2PeriphClockCmd
    main.o(i.Init_ADC3) refers to stm32f4xx_adc.o(i.ADC_CommonInit) for ADC_CommonInit
    main.o(i.Init_ADC3) refers to stm32f4xx_adc.o(i.ADC_RegularChannelConfig) for ADC_RegularChannelConfig
    main.o(i.Init_ADC3) refers to stm32f4xx_adc.o(i.ADC_Init) for ADC_Init
    main.o(i.Init_ADC3) refers to stm32f4xx_adc.o(i.ADC_DMARequestAfterLastTransferCmd) for ADC_DMARequestAfterLastTransferCmd
    main.o(i.Init_ADC3) refers to stm32f4xx_adc.o(i.ADC_DMACmd) for ADC_DMACmd
    main.o(i.Init_ADC3) refers to stm32f4xx_adc.o(i.ADC_Cmd) for ADC_Cmd
    main.o(i.Init_DMA2_CH0_ADC1) refers to stm32f4xx_rcc.o(i.RCC_AHB1PeriphClockCmd) for RCC_AHB1PeriphClockCmd
    main.o(i.Init_DMA2_CH0_ADC1) refers to stm32f4xx_dma.o(i.DMA_Init) for DMA_Init
    main.o(i.Init_DMA2_CH0_ADC1) refers to stm32f4xx_dma.o(i.DMA_Cmd) for DMA_Cmd
    main.o(i.Init_DMA2_CH0_ADC1) refers to main.o(.bss) for ADC1_ValArray
    main.o(i.Init_DMA2_CH1_ADC2) refers to stm32f4xx_rcc.o(i.RCC_AHB1PeriphClockCmd) for RCC_AHB1PeriphClockCmd
    main.o(i.Init_DMA2_CH1_ADC2) refers to stm32f4xx_dma.o(i.DMA_Init) for DMA_Init
    main.o(i.Init_DMA2_CH1_ADC2) refers to stm32f4xx_dma.o(i.DMA_Cmd) for DMA_Cmd
    main.o(i.Init_DMA2_CH1_ADC2) refers to main.o(.bss) for ADC2_ValArray
    main.o(i.Init_DMA2_CH2_ADC3) refers to stm32f4xx_rcc.o(i.RCC_AHB1PeriphClockCmd) for RCC_AHB1PeriphClockCmd
    main.o(i.Init_DMA2_CH2_ADC3) refers to stm32f4xx_dma.o(i.DMA_Init) for DMA_Init
    main.o(i.Init_DMA2_CH2_ADC3) refers to stm32f4xx_dma.o(i.DMA_Cmd) for DMA_Cmd
[...]
    .text                                    0x08000b20   Section        0  _printf_fp_infnan.o(.text)
    .text                                    0x08000ba0   Section        0  bigflt0.o(.text)
    .text                                    0x08000c84   Section        2  use_no_semi.o(.text)
    .text                                    0x08000c86   Section        0  indicate_semi.o(.text)
    .text                                    0x08000c86   Section       74  sys_stackheap_outer.o(.text)
    .text                                    0x08000cd0   Section        0  exit.o(.text)
    .text                                    0x08000ce4   Section      128  strcmpv7m.o(.text)
    .text                                    0x08000d64   Section        0  sys_exit.o(.text)
    CL$$btod_d2e                             0x08000d70   Section       62  btod.o(CL$$btod_d2e)
    CL$$btod_d2e_denorm_low                  0x08000dae   Section       70  btod.o(CL$$btod_d2e_denorm_low)
    CL$$btod_d2e_norm_op1                    0x08000df4   Section       96  btod.o(CL$$btod_d2e_norm_op1)
    CL$$btod_div_common                      0x08000e54   Section      824  btod.o(CL$$btod_div_common)
    CL$$btod_e2e                             0x0800118c   Section      220  btod.o(CL$$btod_e2e)
    CL$$btod_ediv                            0x08001268   Section       42  btod.o(CL$$btod_ediv)
    CL$$btod_emul                            0x08001292   Section       42  btod.o(CL$$btod_emul)
    CL$$btod_mult_common                     0x080012bc   Section      580  btod.o(CL$$btod_mult_common)
    i.ADC_Cmd                                0x08001500   Section        0  stm32f4xx_adc.o(i.ADC_Cmd)
    i.ADC_CommonInit                         0x08001518   Section        0  stm32f4xx_adc.o(i.ADC_CommonInit)
    i.ADC_DMACmd                             0x08001548   Section        0  stm32f4xx_adc.o(i.ADC_DMACmd)
    i.ADC_DMARequestAfterLastTransferCmd     0x0800155e   Section        0  stm32f4xx_adc.o(i.ADC_DMARequestAfterLastTransferCmd)
    i.ADC_Init                               0x08001574   Section        0  stm32f4xx_adc.o(i.ADC_Init)
    i.ADC_RegularChannelConfig               0x080015c8   Section        0  stm32f4xx_adc.o(i.ADC_RegularChannelConfig)
    i.ADC_SoftwareStartConv                  0x08001680   Section        0  stm32f4xx_adc.o(i.ADC_SoftwareStartConv)
    i.DMA_Cmd                                0x0800168a   Section        0  stm32f4xx_dma.o(i.DMA_Cmd)
    i.DMA_Init                               0x080016a0   Section        0  stm32f4xx_dma.o(i.DMA_Init)
    i.Delay                                  0x080016f8   Section        0  tm_stm32f4_onewire.o(i.Delay)
    Delay                                    0x080016f9   Thumb Code    46  tm_stm32f4_onewire.o(i.Delay)
    i.GPIOA_Init_AIN                         0x08001738   Section        0  main.o(i.GPIOA_Init_AIN)
    i.GPIOB_Init_OUTPUT                      0x0800176c   Section        0  main.o(i.GPIOB_Init_OUTPUT)
    i.GPIOC_Init_AIN                         0x080017a0   Section        0  main.o(i.GPIOC_Init_AIN)
    i.GPIOC_Init_OUTPUT                      0x080017d4   Section        0  main.o(i.GPIOC_Init_OUTPUT)
    i.GPIOE_Disable_OUTPUT                   0x08001808   Section        0  main.o(i.GPIOE_Disable_OUTPUT)
    i.GPIOE_Init_OUTPUT                      0x0800183c   Section        0  main.o(i.GPIOE_Init_OUTPUT)
    i.GPIOF_Init_AIN                         0x08001870   Section        0  main.o(i.GPIOF_Init_AIN)
    i.GPIOF_Init_OUTPUT                      0x080018a4   Section        0  main.o(i.GPIOF_Init_OUTPUT)
    i.GPIOG_Init_OUTPUT                      0x080018d8   Section        0  main.o(i.GPIOG_Init_OUTPUT)
    i.GPIO_Init                              0x0800190c   Section        0  stm32f4xx_gpio.o(i.GPIO_Init)
    i.GPIO_ResetBits                         0x0800199c   Section        0  stm32f4xx_gpio.o(i.GPIO_ResetBits)
    i.GPIO_SetBits                           0x080019a0   Section        0  stm32f4xx_gpio.o(i.GPIO_SetBits)
    i.Init_ADC1                              0x080019a4   Section        0  main.o(i.Init_ADC1)
    i.Init_ADC2                              0x08001a64   Section        0  main.o(i.Init_ADC2)
    i.Init_ADC3                              0x08001b0c   Section        0  main.o(i.Init_ADC3)
    i.Init_DMA2_CH0_ADC1                     0x08001ba8   Section        0  main.o(i.Init_DMA2_CH0_ADC1)
    i.Init_DMA2_CH1_ADC2                     0x08001c10   Section        0  main.o(i.Init_DMA2_CH1_ADC2)
    i.Init_DMA2_CH2_ADC3                     0x08001c7c   Section        0  main.o(i.Init_DMA2_CH2_ADC3)
    i.NVIC_Init                              0x08001ce8   Section        0  misc.o(i.NVIC_Init)
    i.RCC_AHB1PeriphClockCmd                 0x08001d60   Section        0  stm32f4xx_rcc.o(i.RCC_AHB1PeriphClockCmd)
    i.RCC_APB1PeriphClockCmd                 0x08001d80   Section        0  stm32f4xx_rcc.o(i.RCC_APB1PeriphClockCmd)
    i.RCC_APB2PeriphClockCmd                 0x08001da0   Section        0  stm32f4xx_rcc.o(i.RCC_APB2PeriphClockCmd)
    i.RCC_GetFlagStatus                      0x08001dc0   Section        0  stm32f4xx_rcc.o(i.RCC_GetFlagStatus)
    i.RCC_HSEConfig                          0x08001e00   Section        0  stm32f4xx_rcc.o(i.RCC_HSEConfig)
    i.RCC_WaitForHSEStartUp                  0x08001e10   Section        0  stm32f4xx_rcc.o(i.RCC_WaitForHSEStartUp)
    i.SetSysClock                            0x08001e48   Section        0  system_stm32f4xx.o(i.SetSysClock)
    SetSysClock                              0x08001e49   Thumb Code   272  system_stm32f4xx.o(i.SetSysClock)
    i.SysTick_Handler                        0x08001f68   Section        0  tm_stm32f4_delay.o(i.SysTick_Handler)
    i.SystemInit                             0x08002018   Section        0  system_stm32f4xx.o(i.SystemInit)
    i.TIM3_IRQHandler                        0x08002080   Section        0  main.o(i.TIM3_IRQHandler)
    i.TIM_ClearITPendingBit                  0x08002178   Section        0  stm32f4xx_tim.o(i.TIM_ClearITPendingBit)
    i.TIM_Cmd                                0x0800217e   Section        0  stm32f4xx_tim.o(i.TIM_Cmd)
    i.TIM_GetITStatus                        0x08002196   Section        0  stm32f4xx_tim.o(i.TIM_GetITStatus)
    i.TIM_ITConfig                           0x080021b8   Section        0  stm32f4xx_tim.o(i.TIM_ITConfig)
    i.TIM_TimeBaseInit                       0x080021cc   Section        0  stm32f4xx_tim.o(i.TIM_TimeBaseInit)
    i.TM_DELAY_Init                          0x08002250   Section        0  tm_stm32f4_delay.o(i.TM_DELAY_Init)
    i.TM_DS18B20_AllDone                     0x080022d8   Section        0  tm_stm32f4_ds18b20.o(i.TM_DS18B20_AllDone)
    i.TM_DS18B20_Is                          0x080022e4   Section        0  tm_stm32f4_ds18b20.o(i.TM_DS18B20_Is)
    i.TM_DS18B20_Read                        0x080022f4   Section        0  tm_stm32f4_ds18b20.o(i.TM_DS18B20_Read)
    i.TM_DS18B20_SetResolution               0x08002478   Section        0  tm_stm32f4_ds18b20.o(i.TM_DS18B20_SetResolution)
    i.TM_DS18B20_StartAll                    0x08002548   Section        0  tm_stm32f4_ds18b20.o(i.TM_DS18B20_StartAll)
    i.TM_GPIO_GetPortSource                  0x08002564   Section        0  tm_stm32f4_gpio.o(i.TM_GPIO_GetPortSource)
    i.TM_GPIO_INT_EnableClock                0x08002574   Section        0  tm_stm32f4_gpio.o(i.TM_GPIO_INT_EnableClock)
    i.TM_GPIO_INT_Init                       0x08002594   Section        0  tm_stm32f4_gpio.o(i.TM_GPIO_INT_Init)
    i.TM_GPIO_Init                           0x08002644   Section        0  tm_stm32f4_gpio.o(i.TM_GPIO_Init)
    i.TM_GPIO_SetPinAsInput                  0x08002674   Section        0  tm_stm32f4_gpio.o(i.TM_GPIO_SetPinAsInput)
    i.TM_GPIO_SetPinAsOutput                 0x0800269a   Section        0  tm_stm32f4_gpio.o(i.TM_GPIO_SetPinAsOutput)
    i.TM_OneWire_CRC8                        0x080026c8   Section        0  tm_stm32f4_onewire.o(i.TM_OneWire_CRC8)
    i.TM_OneWire_First                       0x08002700   Section        0  tm_stm32f4_onewire.o(i.TM_OneWire_First)
    i.TM_OneWire_GetFullROM                  0x08002714   Section        0  tm_stm32f4_onewire.o(i.TM_OneWire_GetFullROM)
    i.TM_OneWire_Init                        0x0800272c   Section        0  tm_stm32f4_onewire.o(i.TM_OneWire_Init)
    i.TM_OneWire_Next                        0x08002750   Section        0  tm_stm32f4_onewire.o(i.TM_OneWire_Next)
    i.TM_OneWire_ReadBit                     0x0800275e   Section        0  tm_stm32f4_onewire.o(i.TM_OneWire_ReadBit)
    i.TM_OneWire_ReadByte                    0x080027a4   Section        0  tm_stm32f4_onewire.o(i.TM_OneWire_ReadByte)
    i.TM_OneWire_Reset                       0x080027ca   Section        0  tm_stm32f4_onewire.o(i.TM_OneWire_Reset)
    i.TM_OneWire_ResetSearch                 0x08002810   Section        0  tm_stm32f4_onewire.o(i.TM_OneWire_ResetSearch)
    i.TM_OneWire_Search                      0x0800281a   Section        0  tm_stm32f4_onewire.o(i.TM_OneWire_Search)
    i.TM_OneWire_SelectWithPointer           0x08002922   Section        0  tm_stm32f4_onewire.o(i.TM_OneWire_SelectWithPointer)
    i.TM_OneWire_WriteBit                    0x08002946   Section        0  tm_stm32f4_onewire.o(i.TM_OneWire_WriteBit)
    i.TM_OneWire_WriteByte                   0x080029a6   Section        0  tm_stm32f4_onewire.o(i.TM_OneWire_WriteByte)
    i.TM_USART_INT_GetUsart                  0x080029c8   Section        0  tm_stm32f4_usart.o(i.TM_USART_INT_GetUsart)
    i.TM_USART_INT_InsertToBuffer            0x08002a4c   Section        0  tm_stm32f4_usart.o(i.TM_USART_INT_InsertToBuffer)
    i.TM_USART_Puts                          0x08002a74   Section        0  tm_stm32f4_usart.o(i.TM_USART_Puts)
    i.UART4_IRQHandler                       0x08002abc   Section        0  tm_stm32f4_usart.o(i.UART4_IRQHandler)
    i.UART5_IRQHandler                       0x08002ae0   Section        0  tm_stm32f4_usart.o(i.UART5_IRQHandler)
    i.UART7_IRQHandler                       0x08002b04   Section        0  tm_stm32f4_usart.o(i.UART7_IRQHandler)
    i.UART8_IRQHandler                       0x08002b28   Section        0  tm_stm32f4_usart.o(i.UART8_IRQHandler)
    i.USART1_IRQHandler                      0x08002b4c   Section        0  tm_stm32f4_usart.o(i.USART1_IRQHandler)
    i.USART2_IRQHandler                      0x08002b70   Section        0  tm_stm32f4_usart.o(i.USART2_IRQHandler)
    i.USART3_IRQHandler                      0x08002b94   Section        0  tm_stm32f4_usart.o(i.USART3_IRQHandler)
    i.USART6_IRQHandler                      0x08002bb8   Section        0  tm_stm32f4_usart.o(i.USART6_IRQHandler)
    i.__ARM_fpclassify                       0x08002bdc   Section        0  fpclassify.o(i.__ARM_fpclassify)
    i._is_digit                              0x08002c0c   Section        0  __printf_wp.o(i._is_digit)
    i.akimKesme                              0x08002c1c   Section        0  main.o(i.akimKesme)
    i.gerilimFiltre                          0x08002c84   Section        0  main.o(i.gerilimFiltre)
    i.gerilimHesabi                          0x08002d34   Section        0  main.o(i.gerilimHesabi)
    i.main                                   0x080030e4   Section        0  main.o(i.main)
    i.roundFloat                             0x08003a34   Section        0  main.o(i.roundFloat)
    locale$$code                             0x08003a54   Section       44  lc_numeric_c.o(locale$$code)
    x$fpl$d2f                                0x08003a80   Section       98  d2f.o(x$fpl$d2f)
    $v0                                      0x08003a80   Number         0  d2f.o(x$fpl$d2f)
    x$fpl$dflt                               0x08003ae2   Section       46  dflt_clz.o(x$fpl$dflt)
    $v0                                      0x08003ae2   Number         0  dflt_clz.o(x$fpl$dflt)
    x$fpl$dmul                               0x08003b10   Section      340  dmul.o(x$fpl$dmul)
    $v0                                      0x08003b10   Number         0  dmul.o(x$fpl$dmul)
    x$fpl$dnaninf                            0x08003c64   Section      156  dnaninf.o(x$fpl$dnaninf)
    $v0                                      0x08003c64   Number         0  dnaninf.o(x$fpl$dnaninf)
    x$fpl$dretinf                            0x08003d00   Section       12  dretinf.o(x$fpl$dretinf)
    $v0                                      0x08003d00   Number         0  dretinf.o(x$fpl$dretinf)
    x$fpl$f2d                                0x08003d0c   Section       86  f2d.o(x$fpl$f2d)
    $v0                                      0x08003d0c   Number         0  f2d.o(x$fpl$f2d)
    x$fpl$fnaninf                            0x08003d62   Section      140  fnaninf.o(x$fpl$fnaninf)
    $v0                                      0x08003d62   Number         0  fnaninf.o(x$fpl$fnaninf)
    x$fpl$fpinit                             0x08003dee   Section       10  fpinit.o(x$fpl$fpinit)
    $v0                                      0x08003dee   Number         0  fpinit.o(x$fpl$fpinit)
    x$fpl$fretinf                            0x08003df8   Section       10  fretinf.o(x$fpl$fretinf)
    $v0                                      0x08003df8   Number         0  fretinf.o(x$fpl$fretinf)
    x$fpl$printf1                            0x08003e02   Section        4  printf1.o(x$fpl$printf1)
    $v0                                      0x08003e02   Number         0  printf1.o(x$fpl$printf1)
    .constdata                               0x08003e06   Section       40  _printf_hex_int.o(.constdata)
    x$fpl$usenofp                            0x08003e06   Section        0  usenofp.o(x$fpl$usenofp)
    uc_hextab                                0x08003e06   Data          20  _printf_hex_int.o(.constdata)
    lc_hextab                                0x08003e1a   Data          20  _printf_hex_int.o(.constdata)
    .constdata                               0x08003e2e   Section       17  __printf_flags_wp.o(.constdata)
    maptable                                 0x08003e2e   Data          17  __printf_flags_wp.o(.constdata)
    .constdata                               0x08003e40   Section      148  bigflt0.o(.constdata)
    tenpwrs_x                                0x08003e40   Data          60  bigflt0.o(.constdata)
    tenpwrs_i                                0x08003e7c   Data          64  bigflt0.o(.constdata)
    locale$$data                             0x08003ef4   Section       28  lc_numeric_c.o(locale$$data)
    __lcnum_c_name                           0x08003ef8   Data           2  lc_numeric_c.o(locale$$data)
    __lcnum_c_start                          0x08003f00   Data           0  lc_numeric_c.o(locale$$data)
    __lcnum_c_point                          0x08003f0c   Data           0  lc_numeric_c.o(locale$$data)
    __lcnum_c_thousands                      0x08003f0e   Data           0  lc_numeric_c.o(locale$$data)
    __lcnum_c_grouping                       0x08003f0f   Data           0  lc_numeric_c.o(locale$$data)
    __lcnum_c_end                            0x08003f10   Data           0  lc_numeric_c.o(locale$$data)
    .data                                    0x20000000   Section      220  main.o(.data)
    .data                                    0x200000dc   Section       17  tm_stm32f4_delay.o(.data)
    .data                                    0x200000f0   Section      128  tm_stm32f4_usart.o(.data)
    .data                                    0x20000170   Section       20  system_stm32f4xx.o(.data)
    .bss                                     0x20000184   Section     1818  main.o(.bss)
    .bss                                     0x200008a0   Section       24  tm_stm32f4_delay.o(.bss)
    CustomTimers                             0x200008a0   Data          24  tm_stm32f4_delay.o(.bss)
    .bss                                     0x200008b8   Section       22  tm_stm32f4_gpio.o(.bss)
    GPIO_UsedPins                            0x200008b8   Data          22  tm_stm32f4_gpio.o(.bss)
    .bss                                     0x200008ce   Section      256  tm_stm32f4_usart.o(.bss)
    .bss                                     0x200009d0   Section       96  libspace.o(.bss)
    HEAP                                     0x20000a30   Section      512  startup_stm32f429_439xx.o(HEAP)
    Heap_Mem                                 0x20000a30   Data         512  startup_stm32f429_439xx.o(HEAP)
    STACK                                    0x20000c30   Section     1024  startup_stm32f429_439xx.o(STACK)
    Stack_Mem                                0x20000c30   Data        1024  startup_stm32f429_439xx.o(STACK)
    __initial_sp                             0x20001030   Data           0  startup_stm32f429_439xx.o(STACK)

    Global Symbols

    Symbol Name                              Value     Ov Type        Size  Object(Section)

    BuildAttributes$$THM_ISAv4$E$P$D$K$B$S$7EM$VFPi3$EXTD16$VFPS$VFMA$PE$A:L22UL41UL21$X:L11$S22US41US21$IEEE1$IW$USESV6$~STKCKD$USESV7$~SHL$OTIME$ROPI$IEEEJ$EBA8$UX$STANDARDLIB$REQ8$PRES8$EABIv2 0x00000000   Number         0  anon$$obj.o ABSOLUTE
    __ARM_use_no_argv                        0x00000000   Number         0  main.o ABSOLUTE
    _printf_flags                            0x00000000   Number         0  printf_stubs.o ABSOLUTE
    _printf_return_value                     0x00000000   Number         0  printf_stubs.o ABSOLUTE
    _printf_sizespec                         0x00000000   Number         0  printf_stubs.o ABSOLUTE
    _printf_widthprec                        0x00000000   Number         0  printf_stubs.o ABSOLUTE
    TM_DELAY_1msHandler                       - Undefined Weak Reference
    __ARM_exceptions_init                     - Undefined Weak Reference
    __alloca_initialize                       - Undefined Weak Reference
    __arm_preinit_                            - Undefined Weak Reference
    __cpp_initialize__aeabi_                  - Undefined Weak Reference
    __cxa_finalize                            - Undefined Weak Reference
    __sigvec_lookup                           - Undefined Weak Reference
    __user_heap_extent                        - Undefined Weak Reference
    _atexit_init                              - Undefined Weak Reference
    _call_atexit_fns                          - Undefined Weak Reference
    _clock_init                               - Undefined Weak Reference
    _fp_trap_init                             - Undefined Weak Reference
    _fp_trap_shutdown                         - Undefined Weak Reference
    _get_lc_collate                           - Undefined Weak Reference
    _get_lc_ctype                             - Undefined Weak Reference
    _get_lc_monetary                          - Undefined Weak Reference
    _get_lc_time                              - Undefined Weak Reference
    _getenv_init                              - Undefined Weak Reference
    _handle_redirection                       - Undefined Weak Reference
    _initio                                   - Undefined Weak Reference
    _mutex_acquire                            - Undefined Weak Reference
    _mutex_free                               - Undefined Weak Reference
    _mutex_release                            - Undefined Weak Reference
    _printf_truncate_signed                   - Undefined Weak Reference
    _printf_truncate_unsigned                 - Undefined Weak Reference
    _rand_init                                - Undefined Weak Reference
    _signal_finish                            - Undefined Weak Reference
    _signal_init                              - Undefined Weak Reference
    _terminateio                              - Undefined Weak Reference
    __Vectors_Size                           0x000001ac   Number         0  startup_stm32f429_439xx.o ABSOLUTE
    __Vectors                                0x08000000   Data           4  startup_stm32f429_439xx.o(RESET)
    __Vectors_End                            0x080001ac   Data           0  startup_stm32f429_439xx.o(RESET)
    __main                                   0x080001ad   Thumb Code     8  __main.o(!!!main)
    __scatterload                            0x080001b5   Thumb Code     0  __scatter.o(!!!scatter)
    __scatterload_rt2                        0x080001b5   Thumb Code    44  __scatter.o(!!!scatter)
    __scatterload_rt2_thumb_only             0x080001b5   Thumb Code     0  __scatter.o(!!!scatter)
    __scatterload_null                       0x080001c3   Thumb Code     0  __scatter.o(!!!scatter)
    __decompress                             0x080001e9   Thumb Code    90  __dczerorl2.o(!!dczerorl2)
    __decompress1                            0x080001e9   Thumb Code     0  __dczerorl2.o(!!dczerorl2)
    __scatterload_zeroinit                   0x08000245   Thumb Code    28  __scatter_zi.o(!!handler_zi)
    _printf_f                                0x08000261   Thumb Code     0  _printf_f.o(.ARM.Collect$$_printf_percent$$00000003)
    _printf_percent                          0x08000261   Thumb Code     0  _printf_percent.o(.ARM.Collect$$_printf_percent$$00000000)
    _printf_d                                0x08000267   Thumb Code     0  _printf_d.o(.ARM.Collect$$_printf_percent$$00000009)
    _printf_x                                0x0800026d   Thumb Code     0  _printf_x.o(.ARM.Collect$$_printf_percent$$0000000C)
    _printf_percent_end                      0x08000273   Thumb Code     0  _printf_percent_end.o(.ARM.Collect$$_printf_percent$$00000017)
    __rt_lib_init                            0x08000277   Thumb Code     0  libinit.o(.ARM.Collect$$libinit$$00000000)
    __rt_lib_init_fp_1                       0x08000279   Thumb Code     0  libinit2.o(.ARM.Collect$$libinit$$00000001)
    __rt_lib_init_heap_1                     0x0800027d   Thumb Code     0  libinit2.o(.ARM.Collect$$libinit$$0000000A)
    __rt_lib_init_lc_common                  0x0800027d   Thumb Code     0  libinit2.o(.ARM.Collect$$libinit$$0000000F)
    __rt_lib_init_preinit_1                  0x0800027d   Thumb Code     0  libinit2.o(.ARM.Collect$$libinit$$00000004)
    __rt_lib_init_rand_1                     0x0800027d   Thumb Code     0  libinit2.o(.ARM.Collect$$libinit$$0000000E)
    __rt_lib_init_user_alloc_1               0x0800027d   Thumb Code     0  libinit2.o(.ARM.Collect$$libinit$$0000000C)
    __rt_lib_init_lc_collate_1               0x08000283   Thumb Code     0  libinit2.o(.ARM.Collect$$libinit$$00000011)
    __rt_lib_init_lc_ctype_1                 0x08000283   Thumb Code     0  libinit2.o(.ARM.Collect$$libinit$$00000013)
    __rt_lib_init_lc_monetary_1              0x08000283   Thumb Code     0  libinit2.o(.ARM.Collect$$libinit$$00000015)
    __rt_lib_init_lc_numeric_2               0x08000283   Thumb Code     0  libinit2.o(.ARM.Collect$$libinit$$00000016)
    __rt_lib_init_alloca_1                   0x0800028d   Thumb Code     0  libinit2.o(.ARM.Collect$$libinit$$0000002E)
    __rt_lib_init_argv_1                     0x0800028d   Thumb Code     0  libinit2.o(.ARM.Collect$$libinit$$0000002C)
    __rt_lib_init_atexit_1                   0x0800028d   Thumb Code     0  libinit2.o(.ARM.Collect$$libinit$$0000001B)
    __rt_lib_init_clock_1                    0x0800028d   Thumb Code     0  libinit2.o(.ARM.Collect$$libinit$$00000021)
    __rt_lib_init_cpp_1                      0x0800028d   Thumb Code     0  libinit2.o(.ARM.Collect$$libinit$$00000032)
    __rt_lib_init_exceptions_1               0x0800028d   Thumb Code     0  libinit2.o(.ARM.Collect$$libinit$$00000030)
    __rt_lib_init_fp_trap_1                  0x0800028d   Thumb Code     0  libinit2.o(.ARM.Collect$$libinit$$0000001F)
    __rt_lib_init_getenv_1                   0x0800028d   Thumb Code     0  libinit2.o(.ARM.Collect$$libinit$$00000023)
    __rt_lib_init_lc_numeric_1               0x0800028d   Thumb Code     0  libinit2.o(.ARM.Collect$$libinit$$00000017)
    __rt_lib_init_lc_time_1                  0x0800028d   Thumb Code     0  libinit2.o(.ARM.Collect$$libinit$$00000019)
    __rt_lib_init_return                     0x0800028d   Thumb Code     0  libinit2.o(.ARM.Collect$$libinit$$00000033)
    __rt_lib_init_signal_1                   0x0800028d   Thumb Code     0  libinit2.o(.ARM.Collect$$libinit$$0000001D)
    __rt_lib_init_stdio_1                    0x0800028d   Thumb Code     0  libinit2.o(.ARM.Collect$$libinit$$00000025)
    __rt_lib_shutdown                        0x0800028f   Thumb Code     0  libshutdown.o(.ARM.Collect$$libshutdown$$00000000)
    __rt_lib_shutdown_cpp_1                  0x08000291   Thumb Code     0  libshutdown2.o(.ARM.Collect$$libshutdown$$00000002)
    __rt_lib_shutdown_fp_trap_1              0x08000291   Thumb Code     0  libshutdown2.o(.ARM.Collect$$libshutdown$$00000007)
    __rt_lib_shutdown_heap_1                 0x08000291   Thumb Code     0  libshutdown2.o(.ARM.Collect$$libshutdown$$0000000F)
    __rt_lib_shutdown_return                 0x08000291   Thumb Code     0  libshutdown2.o(.ARM.Collect$$libshutdown$$00000010)
    __rt_lib_shutdown_signal_1               0x08000291   Thumb Code     0  libshutdown2.o(.ARM.Collect$$libshutdown$$0000000A)
    __rt_lib_shutdown_stdio_1                0x08000291   Thumb Code     0  libshutdown2.o(.ARM.Collect$$libshutdown$$00000004)
    __rt_lib_shutdown_user_alloc_1           0x08000291   Thumb Code     0  libshutdown2.o(.ARM.Collect$$libshutdown$$0000000C)
    __rt_entry                               0x08000293   Thumb Code     0  __rtentry.o(.ARM.Collect$$rtentry$$00000000)
    __rt_entry_presh_1                       0x08000293   Thumb Code     0  __rtentry2.o(.ARM.Collect$$rtentry$$00000002)
    __rt_entry_sh                            0x08000293   Thumb Code     0  __rtentry4.o(.ARM.Collect$$rtentry$$00000004)
    __rt_entry_li                            0x08000299   Thumb Code     0  __rtentry2.o(.ARM.Collect$$rtentry$$0000000A)
    __rt_entry_postsh_1                      0x08000299   Thumb Code     0  __rtentry2.o(.ARM.Collect$$rtentry$$00000009)
    __rt_entry_main                          0x0800029d   Thumb Code     0  __rtentry2.o(.ARM.Collect$$rtentry$$0000000D)
    __rt_entry_postli_1                      0x0800029d   Thumb Code     0  __rtentry2.o(.ARM.Collect$$rtentry$$0000000C)
    __rt_exit                                0x080002a5   Thumb Code     0  rtexit.o(.ARM.Collect$$rtexit$$00000000)
    __rt_exit_ls                             0x080002a7   Thumb Code     0  rtexit2.o(.ARM.Collect$$rtexit$$00000003)
    __rt_exit_prels_1                        0x080002a7   Thumb Code     0  rtexit2.o(.ARM.Collect$$rtexit$$00000002)
    __rt_exit_exit                           0x080002ab   Thumb Code     0  rtexit2.o(.ARM.Collect$$rtexit$$00000004)
    Reset_Handler                            0x080002b1   Thumb Code     8  startup_stm32f429_439xx.o(.text)
    NMI_Handler                              0x080002b9   Thumb Code     2  startup_stm32f429_439xx.o(.text)
    HardFault_Handler                        0x080002bb   Thumb Code     2  startup_stm32f429_439xx.o(.text)
    MemManage_Handler                        0x080002bd   Thumb Code     2  startup_stm32f429_439xx.o(.text)
    BusFault_Handler                         0x080002bf   Thumb Code     2  startup_stm32f429_439xx.o(.text)
    UsageFault_Handler                       0x080002c1   Thumb Code     2  startup_stm32f429_439xx.o(.text)
    SVC_Handler                              0x080002c3   Thumb Code     2  startup_stm32f429_439xx.o(.text)
    DebugMon_Handler                         0x080002c5   Thumb Code     2  startup_stm32f429_439xx.o(.text)
    PendSV_Handler                           0x080002c7   Thumb Code     2  startup_stm32f429_439xx.o(.text)
    ADC_IRQHandler                           0x080002cb   Thumb Code     0  startup_stm32f429_439xx.o(.text)
    CAN1_RX0_IRQHandler                      0x080002cb   Thumb Code     0  startup_stm32f429_439xx.o(.text)
    CAN1_RX1_IRQHandler                      0x080002cb   Thumb Code     0  startup_stm32f429_439xx.o(.text)
    CAN1_SCE_IRQHandler                      0x080002cb   Thumb Code     0  startup_stm32f429_439xx.o(.text)
    CAN1_TX_IRQHandler                       0x080002cb   Thumb Code     0  startup_stm32f429_439xx.o(.text)
    CAN2_RX0_IRQHandler                      0x080002cb   Thumb Code     0  startup_stm32f429_439xx.o(.text)
    CAN2_RX1_IRQHandler                      0x080002cb   Thumb Code     0  startup_stm32f429_439xx.o(.text)
    CAN2_SCE_IRQHandler                      0x080002cb   Thumb Code     0  startup_stm32f429_439xx.o(.text)
    CAN2_TX_IRQHandler                       0x080002cb   Thumb Code     0  startup_stm32f429_439xx.o(.text)
    CRYP_IRQHandler                          0x080002cb   Thumb Code     0  startup_stm32f429_439xx.o(.text)
    DCMI_IRQHandler                          0x080002cb   Thumb Code     0  startup_stm32f429_439xx.o(.text)
    DMA1_Stream0_IRQHandler                  0x080002cb   Thumb Code     0  startup_stm32f429_439xx.o(.text)
    DMA1_Stream1_IRQHandler                  0x080002cb   Thumb Code     0  startup_stm32f429_439xx.o(.text)
    DMA1_Stream2_IRQHandler                  0x080002cb   Thumb Code     0  startup_stm32f429_439xx.o(.text)
    DMA1_Stream3_IRQHandler                  0x080002cb   Thumb Code     0  startup_stm32f429_439xx.o(.text)
    DMA1_Stream4_IRQHandler                  0x080002cb   Thumb Code     0  startup_stm32f429_439xx.o(.text)
    DMA1_Stream5_IRQHandler                  0x080002cb   Thumb Code     0  startup_stm32f429_439xx.o(.text)
    DMA1_Stream6_IRQHandler                  0x080002cb   Thumb Code     0  startup_stm32f429_439xx.o(.text)
    DMA1_Stream7_IRQHandler                  0x080002cb   Thumb Code     0  startup_stm32f429_439xx.o(.text)
    DMA2D_IRQHandler                         0x080002cb   Thumb Code     0  startup_stm32f429_439xx.o(.text)
    DMA2_Stream0_IRQHandler                  0x080002cb   Thumb Code     0  startup_stm32f429_439xx.o(.text)
    DMA2_Stream1_IRQHandler                  0x080002cb   Thumb Code     0  startup_stm32f429_439xx.o(.text)
    DMA2_Stream2_IRQHandler                  0x080002cb   Thumb Code     0  startup_stm32f429_439xx.o(.text)
    DMA2_Stream3_IRQHandler                  0x080002cb   Thumb Code     0  startup_stm32f429_439xx.o(.text)
    DMA2_Stream4_IRQHandler                  0x080002cb   Thumb Code     0  startup_stm32f429_439xx.o(.text)
    DMA2_Stream5_IRQHandler                  0x080002cb   Thumb Code     0  startup_stm32f429_439xx.o(.text)
    DMA2_Stream6_IRQHandler                  0x080002cb   Thumb Code     0  startup_stm32f429_439xx.o(.text)
    DMA2_Stream7_IRQHandler                  0x080002cb   Thumb Code     0  startup_stm32f429_439xx.o(.text)
    ETH_IRQHandler                           0x080002cb   Thumb Code     0  startup_stm32f429_439xx.o(.text)
    ETH_WKUP_IRQHandler                      0x080002cb   Thumb Code     0  startup_stm32f429_439xx.o(.text)
    EXTI0_IRQHandler                         0x080002cb   Thumb Code     0  startup_stm32f429_439xx.o(.text)
    EXTI15_10_IRQHandler                     0x080002cb   Thumb Code     0  startup_stm32f429_439xx.o(.text)
    EXTI1_IRQHandler                         0x080002cb   Thumb Code     0  startup_stm32f429_439xx.o(.text)
    EXTI2_IRQHandler                         0x080002cb   Thumb Code     0  startup_stm32f429_439xx.o(.text)
    EXTI3_IRQHandler                         0x080002cb   Thumb Code     0  startup_stm32f429_439xx.o(.text)
    EXTI4_IRQHandler                         0x080002cb   Thumb Code     0  startup_stm32f429_439xx.o(.text)
    EXTI9_5_IRQHandler                       0x080002cb   Thumb Code     0  startup_stm32f429_439xx.o(.text)
    FLASH_IRQHandler                         0x080002cb   Thumb Code     0  startup_stm32f429_439xx.o(.text)
    FMC_IRQHandler                           0x080002cb   Thumb Code     0  startup_stm32f429_439xx.o(.text)
    FPU_IRQHandler                           0x080002cb   Thumb Code     0  startup_stm32f429_439xx.o(.text)
    HASH_RNG_IRQHandler                      0x080002cb   Thumb Code     0  startup_stm32f429_439xx.o(.text)
    I2C1_ER_IRQHandler                       0x080002cb   Thumb Code     0  startup_stm32f429_439xx.o(.text)
    I2C1_EV_IRQHandler                       0x080002cb   Thumb Code     0  startup_stm32f429_439xx.o(.text)
    I2C2_ER_IRQHandler                       0x080002cb   Thumb Code     0  startup_stm32f429_439xx.o(.text)
    I2C2_EV_IRQHandler                       0x080002cb   Thumb Code     0  startup_stm32f429_439xx.o(.text)
    I2C3_ER_IRQHandler                       0x080002cb   Thumb Code     0  startup_stm32f429_439xx.o(.text)
    I2C3_EV_IRQHandler                       0x080002cb   Thumb Code     0  startup_stm32f429_439xx.o(.text)
    LTDC_ER_IRQHandler                       0x080002cb   Thumb Code     0  startup_stm32f429_439xx.o(.text)
    LTDC_IRQHandler                          0x080002cb   Thumb Code     0  startup_stm32f429_439xx.o(.text)
    OTG_FS_IRQHandler                        0x080002cb   Thumb Code     0  startup_stm32f429_439xx.o(.text)
    OTG_FS_WKUP_IRQHandler                   0x080002cb   Thumb Code     0  startup_stm32f429_439xx.o(.text)
    OTG_HS_EP1_IN_IRQHandler                 0x080002cb   Thumb Code     0  startup_stm32f429_439xx.o(.text)
    OTG_HS_EP1_OUT_IRQHandler                0x080002cb   Thumb Code     0  startup_stm32f429_439xx.o(.text)
    OTG_HS_IRQHandler                        0x080002cb   Thumb Code     0  startup_stm32f429_439xx.o(.text)
    OTG_HS_WKUP_IRQHandler                   0x080002cb   Thumb Code     0  startup_stm32f429_439xx.o(.text)
    PVD_IRQHandler                           0x080002cb   Thumb Code     0  startup_stm32f429_439xx.o(.text)
    RCC_IRQHandler                           0x080002cb   Thumb Code     0  startup_stm32f429_439xx.o(.text)
    RTC_Alarm_IRQHandler                     0x080002cb   Thumb Code     0  startup_stm32f429_439xx.o(.text)
    RTC_WKUP_IRQHandler                      0x080002cb   Thumb Code     0  startup_stm32f429_439xx.o(.text)
    SAI1_IRQHandler                          0x080002cb   Thumb Code     0  startup_stm32f429_439xx.o(.text)
    SDIO_IRQHandler                          0x080002cb   Thumb Code     0  startup_stm32f429_439xx.o(.text)
    SPI1_IRQHandler                          0x080002cb   Thumb Code     0  startup_stm32f429_439xx.o(.text)
    SPI2_IRQHandler                          0x080002cb   Thumb Code     0  startup_stm32f429_439xx.o(.text)
    SPI3_IRQHandler                          0x080002cb   Thumb Code     0  startup_stm32f429_439xx.o(.text)
    SPI4_IRQHandler                          0x080002cb   Thumb Code     0  startup_stm32f429_439xx.o(.text)
    SPI5_IRQHandler                          0x080002cb   Thumb Code     0  startup_stm32f429_439xx.o(.text)
    SPI6_IRQHandler                          0x080002cb   Thumb Code     0  startup_stm32f429_439xx.o(.text)
    TAMP_STAMP_IRQHandler                    0x080002cb   Thumb Code     0  startup_stm32f429_439xx.o(.text)
    TIM1_BRK_TIM9_IRQHandler                 0x080002cb   Thumb Code     0  startup_stm32f429_439xx.o(.text)
    TIM1_CC_IRQHandler                       0x080002cb   Thumb Code     0  startup_stm32f429_439xx.o(.text)
    TIM1_TRG_COM_TIM11_IRQHandler            0x080002cb   Thumb Code     0  startup_stm32f429_439xx.o(.text)
    TIM1_UP_TIM10_IRQHandler                 0x080002cb   Thumb Code     0  startup_stm32f429_439xx.o(.text)
    TIM2_IRQHandler                          0x080002cb   Thumb Code     0  startup_stm32f429_439xx.o(.text)
    TIM4_IRQHandler                          0x080002cb   Thumb Code     0  startup_stm32f429_439xx.o(.text)
    TIM5_IRQHandler                          0x080002cb   Thumb Code     0  startup_stm32f429_439xx.o(.text)
    TIM6_DAC_IRQHandler                      0x080002cb   Thumb Code     0  startup_stm32f429_439xx.o(.text)
    TIM7_IRQHandler                          0x080002cb   Thumb Code     0  startup_stm32f429_439xx.o(.text)
    TIM8_BRK_TIM12_IRQHandler                0x080002cb   Thumb Code     0  startup_stm32f429_439xx.o(.text)
    TIM8_CC_IRQHandler                       0x080002cb   Thumb Code     0  startup_stm32f429_439xx.o(.text)
    TIM8_TRG_COM_TIM14_IRQHandler            0x080002cb   Thumb Code     0  startup_stm32f429_439xx.o(.text)
    TIM8_UP_TIM13_IRQHandler                 0x080002cb   Thumb Code     0  startup_stm32f429_439xx.o(.text)
    WWDG_IRQHandler                          0x080002cb   Thumb Code     0  startup_stm32f429_439xx.o(.text)
    __user_initial_stackheap                 0x080002cd   Thumb Code     0  startup_stm32f429_439xx.o(.text)
    __2sprintf                               0x080002f1   Thumb Code    34  noretval__2sprintf.o(.text)
    _printf_pre_padding                      0x08000319   Thumb Code    44  _printf_pad.o(.text)
    _printf_post_padding                     0x08000345   Thumb Code    34  _printf_pad.o(.text)
    _printf_int_dec                          0x08000369   Thumb Code   104  _printf_dec.o(.text)
    _printf_int_hex                          0x080003e1   Thumb Code    84  _printf_hex_int.o(.text)
    _printf_longlong_hex                     0x080003e1   Thumb Code     0  _printf_hex_int.o(.text)
    __printf                                 0x08000439   Thumb Code   308  __printf_flags_wp.o(.text)
    __use_two_region_memory                  0x08000571   Thumb Code     2  heapauxi.o(.text)
    __rt_heap_escrow                         0x08000573   Thumb Code     2  heapauxi.o(.text)
    __rt_heap_expand                         0x08000575   Thumb Code     2  heapauxi.o(.text)
    _printf_int_common                       0x08000577   Thumb Code   178  _printf_intcommon.o(.text)
    __lib_sel_fp_printf                      0x08000629   Thumb Code     2  _printf_fp_dec.o(.text)
    _printf_fp_dec_real                      0x080007db   Thumb Code   620  _printf_fp_dec.o(.text)
    _printf_char_common                      0x08000a53   Thumb Code    32  _printf_char_common.o(.text)
    _sputc                                   0x08000a79   Thumb Code    10  _sputc.o(.text)
    __user_libspace                          0x08000a85   Thumb Code     8  libspace.o(.text)
    __user_perproc_libspace                  0x08000a85   Thumb Code     0  libspace.o(.text)
    __user_perthread_libspace                0x08000a85   Thumb Code     0  libspace.o(.text)
    __rt_locale                              0x08000a8d   Thumb Code     8  rt_locale_intlibspace.o(.text)
    _ll_udiv10                               0x08000a95   Thumb Code   138  lludiv10.o(.text)
    _printf_fp_infnan                        0x08000b21   Thumb Code   112  _printf_fp_infnan.o(.text)
    _btod_etento                             0x08000ba1   Thumb Code   224  bigflt0.o(.text)
    __I$use$semihosting                      0x08000c85   Thumb Code     0  use_no_semi.o(.text)
    __use_no_semihosting_swi                 0x08000c85   Thumb Code     2  use_no_semi.o(.text)
    __semihosting_library_function           0x08000c87   Thumb Code     0  indicate_semi.o(.text)
    __user_setup_stackheap                   0x08000c87   Thumb Code    74  sys_stackheap_outer.o(.text)
    exit                                     0x08000cd1   Thumb Code    18  exit.o(.text)
    strcmp                                   0x08000ce5   Thumb Code   128  strcmpv7m.o(.text)
    _sys_exit                                0x08000d65   Thumb Code     8  sys_exit.o(.text)
    _btod_d2e                                0x08000d71   Thumb Code    62  btod.o(CL$$btod_d2e)
    _d2e_denorm_low                          0x08000daf   Thumb Code    70  btod.o(CL$$btod_d2e_denorm_low)
    _d2e_norm_op1                            0x08000df5   Thumb Code    96  btod.o(CL$$btod_d2e_norm_op1)
    __btod_div_common                        0x08000e55   Thumb Code   696  btod.o(CL$$btod_div_common)
    _e2e                                     0x0800118d   Thumb Code   220  btod.o(CL$$btod_e2e)
    _btod_ediv                               0x08001269   Thumb Code    42  btod.o(CL$$btod_ediv)
    _btod_emul                               0x08001293   Thumb Code    42  btod.o(CL$$btod_emul)
    __btod_mult_common                       0x080012bd   Thumb Code   580  btod.o(CL$$btod_mult_common)
    ADC_Cmd                                  0x08001501   Thumb Code    22  stm32f4xx_adc.o(i.ADC_Cmd)
    ADC_CommonInit                           0x08001519   Thumb Code    34  stm32f4xx_adc.o(i.ADC_CommonInit)
    ADC_DMACmd                               0x08001549   Thumb Code    22  stm32f4xx_adc.o(i.ADC_DMACmd)
    ADC_DMARequestAfterLastTransferCmd       0x0800155f   Thumb Code    22  stm32f4xx_adc.o(i.ADC_DMARequestAfterLastTransferCmd)
    ADC_Init                                 0x08001575   Thumb Code    74  stm32f4xx_adc.o(i.ADC_Init)
    ADC_RegularChannelConfig                 0x080015c9   Thumb Code   184  stm32f4xx_adc.o(i.ADC_RegularChannelConfig)
    ADC_SoftwareStartConv                    0x08001681   Thumb Code    10  stm32f4xx_adc.o(i.ADC_SoftwareStartConv)
    DMA_Cmd                                  0x0800168b   Thumb Code    22  stm32f4xx_dma.o(i.DMA_Cmd)
    DMA_Init                                 0x080016a1   Thumb Code    82  stm32f4xx_dma.o(i.DMA_Init)
    GPIOA_Init_AIN                           0x08001739   Thumb Code    46  main.o(i.GPIOA_Init_AIN)
    GPIOB_Init_OUTPUT                        0x0800176d   Thumb Code    48  main.o(i.GPIOB_Init_OUTPUT)
    GPIOC_Init_AIN                           0x080017a1   Thumb Code    46  main.o(i.GPIOC_Init_AIN)
    GPIOC_Init_OUTPUT                        0x080017d5   Thumb Code    48  main.o(i.GPIOC_Init_OUTPUT)
    GPIOE_Disable_OUTPUT                     0x08001809   Thumb Code    48  main.o(i.GPIOE_Disable_OUTPUT)
    GPIOE_Init_OUTPUT                        0x0800183d   Thumb Code    48  main.o(i.GPIOE_Init_OUTPUT)
    GPIOF_Init_AIN                           0x08001871   Thumb Code    48  main.o(i.GPIOF_Init_AIN)
    GPIOF_Init_OUTPUT                        0x080018a5   Thumb Code    48  main.o(i.GPIOF_Init_OUTPUT)
    GPIOG_Init_OUTPUT                        0x080018d9   Thumb Code    46  main.o(i.GPIOG_Init_OUTPUT)
    GPIO_Init                                0x0800190d   Thumb Code   144  stm32f4xx_gpio.o(i.GPIO_Init)
    GPIO_ResetBits                           0x0800199d   Thumb Code     4  stm32f4xx_gpio.o(i.GPIO_ResetBits)
    GPIO_SetBits                             0x080019a1   Thumb Code     4  stm32f4xx_gpio.o(i.GPIO_SetBits)
    Init_ADC1                                0x080019a5   Thumb Code   186  main.o(i.Init_ADC1)
    Init_ADC2                                0x08001a65   Thumb Code   162  main.o(i.Init_ADC2)
    Init_ADC3                                0x08001b0d   Thumb Code   150  main.o(i.Init_ADC3)
    Init_DMA2_CH0_ADC1                       0x08001ba9   Thumb Code    92  main.o(i.Init_DMA2_CH0_ADC1)
    Init_DMA2_CH1_ADC2                       0x08001c11   Thumb Code    94  main.o(i.Init_DMA2_CH1_ADC2)
    Init_DMA2_CH2_ADC3                       0x08001c7d   Thumb Code    94  main.o(i.Init_DMA2_CH2_ADC3)
    NVIC_Init                                0x08001ce9   Thumb Code   106  misc.o(i.NVIC_Init)
    RCC_AHB1PeriphClockCmd                   0x08001d61   Thumb Code    26  stm32f4xx_rcc.o(i.RCC_AHB1PeriphClockCmd)
    RCC_APB1PeriphClockCmd                   0x08001d81   Thumb Code    26  stm32f4xx_rcc.o(i.RCC_APB1PeriphClockCmd)
    RCC_APB2PeriphClockCmd                   0x08001da1   Thumb Code    26  stm32f4xx_rcc.o(i.RCC_APB2PeriphClockCmd)
    RCC_GetFlagStatus                        0x08001dc1   Thumb Code    60  stm32f4xx_rcc.o(i.RCC_GetFlagStatus)
    RCC_HSEConfig                            0x08001e01   Thumb Code    12  stm32f4xx_rcc.o(i.RCC_HSEConfig)
    RCC_WaitForHSEStartUp                    0x08001e11   Thumb Code    56  stm32f4xx_rcc.o(i.RCC_WaitForHSEStartUp)
    SysTick_Handler                          0x08001f69   Thumb Code   162  tm_stm32f4_delay.o(i.SysTick_Handler)
    SystemInit                               0x08002019   Thumb Code    88  system_stm32f4xx.o(i.SystemInit)
    TIM3_IRQHandler                          0x08002081   Thumb Code   198  main.o(i.TIM3_IRQHandler)
    TIM_ClearITPendingBit                    0x08002179   Thumb Code     6  stm32f4xx_tim.o(i.TIM_ClearITPendingBit)
    TIM_Cmd                                  0x0800217f   Thumb Code    24  stm32f4xx_tim.o(i.TIM_Cmd)
    TIM_GetITStatus                          0x08002197   Thumb Code    34  stm32f4xx_tim.o(i.TIM_GetITStatus)
    TIM_ITConfig                             0x080021b9   Thumb Code    18  stm32f4xx_tim.o(i.TIM_ITConfig)
    TIM_TimeBaseInit                         0x080021cd   Thumb Code   104  stm32f4xx_tim.o(i.TIM_TimeBaseInit)
    TM_DELAY_Init                            0x08002251   Thumb Code   110  tm_stm32f4_delay.o(i.TM_DELAY_Init)
    TM_DS18B20_AllDone                       0x080022d9   Thumb Code    12  tm_stm32f4_ds18b20.o(i.TM_DS18B20_AllDone)
    TM_DS18B20_Is                            0x080022e5   Thumb Code    16  tm_stm32f4_ds18b20.o(i.TM_DS18B20_Is)
    TM_DS18B20_Read                          0x080022f5   Thumb Code   374  tm_stm32f4_ds18b20.o(i.TM_DS18B20_Read)
    TM_DS18B20_SetResolution                 0x08002479   Thumb Code   208  tm_stm32f4_ds18b20.o(i.TM_DS18B20_SetResolution)
    TM_DS18B20_StartAll                      0x08002549   Thumb Code    28  tm_stm32f4_ds18b20.o(i.TM_DS18B20_StartAll)
    TM_GPIO_GetPortSource                    0x08002565   Thumb Code    14  tm_stm32f4_gpio.o(i.TM_GPIO_GetPortSource)
    TM_GPIO_INT_EnableClock                  0x08002575   Thumb Code    28  tm_stm32f4_gpio.o(i.TM_GPIO_INT_EnableClock)
    TM_GPIO_INT_Init                         0x08002595   Thumb Code   170  tm_stm32f4_gpio.o(i.TM_GPIO_INT_Init)
    TM_GPIO_Init                             0x08002645   Thumb Code    48  tm_stm32f4_gpio.o(i.TM_GPIO_Init)
    TM_GPIO_SetPinAsInput                    0x08002675   Thumb Code    38  tm_stm32f4_gpio.o(i.TM_GPIO_SetPinAsInput)
    TM_GPIO_SetPinAsOutput                   0x0800269b   Thumb Code    46  tm_stm32f4_gpio.o(i.TM_GPIO_SetPinAsOutput)
    TM_OneWire_CRC8                          0x080026c9   Thumb Code    56  tm_stm32f4_onewire.o(i.TM_OneWire_CRC8)
    TM_OneWire_First                         0x08002701   Thumb Code    20  tm_stm32f4_onewire.o(i.TM_OneWire_First)
    TM_OneWire_GetFullROM                    0x08002715   Thumb Code    24  tm_stm32f4_onewire.o(i.TM_OneWire_GetFullROM)
    TM_OneWire_Init                          0x0800272d   Thumb Code    36  tm_stm32f4_onewire.o(i.TM_OneWire_Init)
    TM_OneWire_Next                          0x08002751   Thumb Code    14  tm_stm32f4_onewire.o(i.TM_OneWire_Next)
    TM_OneWire_ReadBit                       0x0800275f   Thumb Code    70  tm_stm32f4_onewire.o(i.TM_OneWire_ReadBit)
    TM_OneWire_ReadByte                      0x080027a5   Thumb Code    38  tm_stm32f4_onewire.o(i.TM_OneWire_ReadByte)
    TM_OneWire_Reset                         0x080027cb   Thumb Code    70  tm_stm32f4_onewire.o(i.TM_OneWire_Reset)
    TM_OneWire_ResetSearch                   0x08002811   Thumb Code    10  tm_stm32f4_onewire.o(i.TM_OneWire_ResetSearch)
    TM_OneWire_Search                        0x0800281b   Thumb Code   264  tm_stm32f4_onewire.o(i.TM_OneWire_Search)
    TM_OneWire_SelectWithPointer             0x08002923   Thumb Code    36  tm_stm32f4_onewire.o(i.TM_OneWire_SelectWithPointer)
    TM_OneWire_WriteBit                      0x08002947   Thumb Code    96  tm_stm32f4_onewire.o(i.TM_OneWire_WriteBit)
    TM_OneWire_WriteByte                     0x080029a7   Thumb Code    34  tm_stm32f4_onewire.o(i.TM_OneWire_WriteByte)
    TM_USART_INT_GetUsart                    0x080029c9   Thumb Code    68  tm_stm32f4_usart.o(i.TM_USART_INT_GetUsart)
    TM_USART_INT_InsertToBuffer              0x08002a4d   Thumb Code    40  tm_stm32f4_usart.o(i.TM_USART_INT_InsertToBuffer)
    TM_USART_Puts                            0x08002a75   Thumb Code    70  tm_stm32f4_usart.o(i.TM_USART_Puts)
    UART4_IRQHandler                         0x08002abd   Thumb Code    28  tm_stm32f4_usart.o(i.UART4_IRQHandler)
    UART5_IRQHandler                         0x08002ae1   Thumb Code    26  tm_stm32f4_usart.o(i.UART5_IRQHandler)
    UART7_IRQHandler                         0x08002b05   Thumb Code    28  tm_stm32f4_usart.o(i.UART7_IRQHandler)
    UART8_IRQHandler                         0x08002b29   Thumb Code    28  tm_stm32f4_usart.o(i.UART8_IRQHandler)
    USART1_IRQHandler                        0x08002b4d   Thumb Code    26  tm_stm32f4_usart.o(i.USART1_IRQHandler)
    USART2_IRQHandler                        0x08002b71   Thumb Code    28  tm_stm32f4_usart.o(i.USART2_IRQHandler)
    USART3_IRQHandler                        0x08002b95   Thumb Code    28  tm_stm32f4_usart.o(i.USART3_IRQHandler)
    USART6_IRQHandler                        0x08002bb9   Thumb Code    28  tm_stm32f4_usart.o(i.USART6_IRQHandler)
    __ARM_fpclassify                         0x08002bdd   Thumb Code    48  fpclassify.o(i.__ARM_fpclassify)
    _is_digit                                0x08002c0d   Thumb Code    14  __printf_wp.o(i._is_digit)
    akimKesme                                0x08002c1d   Thumb Code   100  main.o(i.akimKesme)
    gerilimFiltre                            0x08002c85   Thumb Code   174  main.o(i.gerilimFiltre)
    gerilimHesabi                            0x08002d35   Thumb Code   808  main.o(i.gerilimHesabi)
    main                                     0x080030e5   Thumb Code  2238  main.o(i.main)
    roundFloat                               0x08003a35   Thumb Code    30  main.o(i.roundFloat)
    _get_lc_numeric                          0x08003a55   Thumb Code    44  lc_numeric_c.o(locale$$code)
    __aeabi_d2f                              0x08003a81   Thumb Code     0  d2f.o(x$fpl$d2f)
    _d2f                                     0x08003a81   Thumb Code    98  d2f.o(x$fpl$d2f)
    __aeabi_i2d                              0x08003ae3   Thumb Code     0  dflt_clz.o(x$fpl$dflt)
    _dflt                                    0x08003ae3   Thumb Code    46  dflt_clz.o(x$fpl$dflt)
    __aeabi_dmul                             0x08003b11   Thumb Code     0  dmul.o(x$fpl$dmul)
    _dmul                                    0x08003b11   Thumb Code   332  dmul.o(x$fpl$dmul)
    __fpl_dnaninf                            0x08003c65   Thumb Code   156  dnaninf.o(x$fpl$dnaninf)
    __fpl_dretinf                            0x08003d01   Thumb Code    12  dretinf.o(x$fpl$dretinf)
    __aeabi_f2d                              0x08003d0d   Thumb Code     0  f2d.o(x$fpl$f2d)
    _f2d                                     0x08003d0d   Thumb Code    86  f2d.o(x$fpl$f2d)
    __fpl_fnaninf                            0x08003d63   Thumb Code   140  fnaninf.o(x$fpl$fnaninf)
    _fp_init                                 0x08003def   Thumb Code    10  fpinit.o(x$fpl$fpinit)
    __fplib_config_fpu_vfp                   0x08003df7   Thumb Code     0  fpinit.o(x$fpl$fpinit)
    __fplib_config_pureend_doubles           0x08003df7   Thumb Code     0  fpinit.o(x$fpl$fpinit)
    __fpl_fretinf                            0x08003df9   Thumb Code    10  fretinf.o(x$fpl$fretinf)
    _printf_fp_dec                           0x08003e03   Thumb Code     4  printf1.o(x$fpl$printf1)
    __I$use$fp                               0x08003e06   Number         0  usenofp.o(x$fpl$usenofp)
    Region$$Table$$Base                      0x08003ed4   Number         0  anon$$obj.o(Region$$Table)
    Region$$Table$$Limit                     0x08003ef4   Number         0  anon$$obj.o(Region$$Table)
    devices                                  0x20000000   Data           1  main.o(.data)
    y                                        0x20000001   Data           1  main.o(.data)
    k                                        0x20000002   Data           1  main.o(.data)
    count                                    0x20000003   Data           1  main.o(.data)
    alarm_count                              0x20000004   Data           1  main.o(.data)
    serialBuffer                             0x20000008   Data           4  main.o(.data)
    c1                                       0x2000000c   Data           4  main.o(.data)
    c2                                       0x20000010   Data           4  main.o(.data)
    c3                                       0x20000014   Data           4  main.o(.data)
    c4                                       0x20000018   Data           4  main.o(.data)
    c5                                       0x2000001c   Data           4  main.o(.data)
    c6                                       0x20000020   Data           4  main.o(.data)
    c7                                       0x20000024   Data           4  main.o(.data)
    c8                                       0x20000028   Data           4  main.o(.data)
    c9                                       0x2000002c   Data           4  main.o(.data)
    c10                                      0x20000030   Data           4  main.o(.data)
    c11                                      0x20000034   Data           4  main.o(.data)
    c12                                      0x20000038   Data           4  main.o(.data)
    c13                                      0x2000003c   Data           4  main.o(.data)
    c14                                      0x20000040   Data           4  main.o(.data)
    c15                                      0x20000044   Data           4  main.o(.data)
    c16                                      0x20000048   Data           4  main.o(.data)
    c17                                      0x2000004c   Data           4  main.o(.data)
    c18                                      0x20000050   Data           4  main.o(.data)
    minimum                                  0x20000054   Data           4  main.o(.data)
    lokasyon                                 0x20000058   Data           4  main.o(.data)
    counter                                  0x2000005c   Data           4  main.o(.data)
    counterMedian                            0x20000060   Data           4  main.o(.data)
    m                                        0x20000064   Data           4  main.o(.data)
    d                                        0x20000068   Data           4  main.o(.data)
    avg                                      0x2000006c   Data           4  main.o(.data)
    val1                                     0x20000070   Data           4  main.o(.data)
    val2                                     0x20000074   Data           4  main.o(.data)
    val3                                     0x20000078   Data           4  main.o(.data)
    val4                                     0x2000007c   Data           4  main.o(.data)
    val5                                     0x20000080   Data           4  main.o(.data)
    val6                                     0x20000084   Data           4  main.o(.data)
    val7                                     0x20000088   Data           4  main.o(.data)
    val8                                     0x2000008c   Data           4  main.o(.data)
    val9                                     0x20000090   Data           4  main.o(.data)
    val10                                    0x20000094   Data           4  main.o(.data)
    val11                                    0x20000098   Data           4  main.o(.data)
    val12                                    0x2000009c   Data           4  main.o(.data)
    val13                                    0x200000a0   Data           4  main.o(.data)
    val14                                    0x200000a4   Data           4  main.o(.data)
    val15                                    0x200000a8   Data           4  main.o(.data)
    val16                                    0x200000ac   Data           4  main.o(.data)
    val17                                    0x200000b0   Data           4  main.o(.data)
    val18                                    0x200000b4   Data           4  main.o(.data)
    val19                                    0x200000b8   Data           4  main.o(.data)
    akimAdcBuffer                            0x200000bc   Data           4  main.o(.data)
    akim                                     0x200000c0   Data           4  main.o(.data)
    finalCurrent                             0x200000c4   Data           4  main.o(.data)
    ccc                                      0x200000c8   Data           4  main.o(.data)
    stabilAkim                               0x200000cc   Data           4  main.o(.data)
    akmMaxGerilim                            0x200000d0   Data           4  main.o(.data)
    wastedPower                              0x200000d4   Data           4  main.o(.data)
    batteryAh                                0x200000d8   Data           4  main.o(.data)
    TM_TimingDelay                           0x200000dc   Data           4  tm_stm32f4_delay.o(.data)
    TM_Time                                  0x200000e0   Data           4  tm_stm32f4_delay.o(.data)
    TM_Time2                                 0x200000e4   Data           4  tm_stm32f4_delay.o(.data)
    mult                                     0x200000e8   Data           4  tm_stm32f4_delay.o(.data)
    TM_DELAY_Initialized                     0x200000ec   Data           1  tm_stm32f4_delay.o(.data)
    TM_USART1                                0x200000f0   Data          16  tm_stm32f4_usart.o(.data)
    TM_USART2                                0x20000100   Data          16  tm_stm32f4_usart.o(.data)
    TM_USART3                                0x20000110   Data          16  tm_stm32f4_usart.o(.data)
    TM_UART4                                 0x20000120   Data          16  tm_stm32f4_usart.o(.data)
    TM_UART5                                 0x20000130   Data          16  tm_stm32f4_usart.o(.data)
    TM_USART6                                0x20000140   Data          16  tm_stm32f4_usart.o(.data)
    TM_UART7                                 0x20000150   Data          16  tm_stm32f4_usart.o(.data)
    TM_UART8                                 0x20000160   Data          16  tm_stm32f4_usart.o(.data)
    SystemCoreClock                          0x20000170   Data           4  system_stm32f4xx.o(.data)
    AHBPrescTable                            0x20000174   Data          16  system_stm32f4xx.o(.data)
    buf                                      0x20000184   Data          40  main.o(.bss)
    device                                   0x200001ac   Data          24  main.o(.bss)
    alarm_device                             0x200001c4   Data          24  main.o(.bss)
    temps                                    0x200001dc   Data          12  main.o(.bss)
    serialTemps                              0x200001e8   Data          12  main.o(.bss)
    ADC1_ValArray                            0x200001f4   Data          16  main.o(.bss)
    ADC2_ValArray                            0x20000204   Data          12  main.o(.bss)
    ADC3_ValArray                            0x20000210   Data          10  main.o(.bss)
    filteredADC                              0x2000021c   Data          72  main.o(.bss)
    VoltageValue                             0x20000264   Data          72  main.o(.bss)
    VoltageRounded                           0x200002ac   Data          72  main.o(.bss)
    voltageBuffer1                           0x200002f4   Data          80  main.o(.bss)
    voltageBuffer2                           0x20000344   Data          80  main.o(.bss)
    voltageBuffer3                           0x20000394   Data          80  main.o(.bss)
    voltageBuffer4                           0x200003e4   Data          80  main.o(.bss)
    voltageBuffer5                           0x20000434   Data          80  main.o(.bss)
    voltageBuffer6                           0x20000484   Data          80  main.o(.bss)
    voltageBuffer7                           0x200004d4   Data          80  main.o(.bss)
    voltageBuffer8                           0x20000524   Data          80  main.o(.bss)
    voltageBuffer9                           0x20000574   Data          80  main.o(.bss)
    voltageBuffer10                          0x200005c4   Data          80  main.o(.bss)
    voltageBuffer11                          0x20000614   Data          80  main.o(.bss)
    voltageBuffer12                          0x20000664   Data          80  main.o(.bss)
    voltageBuffer13                          0x200006b4   Data          80  main.o(.bss)
    voltageBuffer14                          0x20000704   Data          80  main.o(.bss)
    voltageBuffer15                          0x20000754   Data          80  main.o(.bss)
    voltageBuffer16                          0x200007a4   Data          80  main.o(.bss)
    voltageBuffer17                          0x200007f4   Data          80  main.o(.bss)
    voltageBuffer18                          0x20000844   Data          80  main.o(.bss)
    akimUsartBuffer                          0x20000894   Data          10  main.o(.bss)
    TM_USART1_Buffer                         0x200008ce   Data          32  tm_stm32f4_usart.o(.bss)
    TM_USART2_Buffer                         0x200008ee   Data          32  tm_stm32f4_usart.o(.bss)
    TM_USART3_Buffer                         0x2000090e   Data          32  tm_stm32f4_usart.o(.bss)
    TM_UART4_Buffer                          0x2000092e   Data          32  tm_stm32f4_usart.o(.bss)
    TM_UART5_Buffer                          0x2000094e   Data          32  tm_stm32f4_usart.o(.bss)
    TM_USART6_Buffer                         0x2000096e   Data          32  tm_stm32f4_usart.o(.bss)
    TM_UART7_Buffer                          0x2000098e   Data          32  tm_stm32f4_usart.o(.bss)
    TM_UART8_Buffer                          0x200009ae   Data          32  tm_stm32f4_usart.o(.bss)
    __libspace_start                         0x200009d0   Data          96  libspace.o(.bss)
    __temporary_stack_top$libspace           0x20000a30   Data           0  libspace.o(.bss)



==============================================================================

Memory Map of the image

  Image Entry point : 0x080002b1

  Load Region LR_1 (Base: 0x08000000, Size: 0x00004094, Max: 0xffffffff, ABSOLUTE, COMPRESSED[0x00003f44])

    Execution Region ER_RO (Exec base: 0x08000000, Load base: 0x08000000, Size: 0x00003f10, Max: 0xffffffff, ABSOLUTE)

    Exec Addr    Load Addr    Size         Type   Attr      Idx    E Section Name        Object

    0x08000000   0x08000000   0x000001ac   Data   RO         2772    RESET               startup_stm32f429_439xx.o
    0x080001ac   0x080001ac   0x00000008   Code   RO         2939  * !!!main             c_w.l(__main.o)
    0x080001b4   0x080001b4   0x00000034   Code   RO         3235    !!!scatter          c_w.l(__scatter.o)
    0x080001e8   0x080001e8   0x0000005a   Code   RO         3233    !!dczerorl2         c_w.l(__dczerorl2.o)
    0x08000242   0x08000242   0x00000002   PAD
    0x08000244   0x08000244   0x0000001c   Code   RO         3237    !!handler_zi        c_w.l(__scatter_zi.o)
    0x08000260   0x08000260   0x00000000   Code   RO         2936    .ARM.Collect$$_printf_percent$$00000000  c_w.l(_printf_percent.o)
    0x08000260   0x08000260   0x00000006   Code   RO         2935    .ARM.Collect$$_printf_percent$$00000003  c_w.l(_printf_f.o)
    0x08000266   0x08000266   0x00000006   Code   RO         2934    .ARM.Collect$$_printf_percent$$00000009  c_w.l(_printf_d.o)
    0x0800026c   0x0800026c   0x00000006   Code   RO         2933    .ARM.Collect$$_printf_percent$$0000000C  c_w.l(_printf_x.o)
    0x08000272   0x08000272   0x00000004   Code   RO         3003    .ARM.Collect$$_printf_percent$$00000017  c_w.l(_printf_percent_end.o)
    0x08000276   0x08000276   0x00000002   Code   RO         3172    .ARM.Collect$$libinit$$00000000  c_w.l(libinit.o)
    0x08000278   0x08000278   0x00000004   Code   RO         3008    .ARM.Collect$$libinit$$00000001  c_w.l(libinit2.o)
    0x0800027c   0x0800027c   0x00000000   Code   RO         3011    .ARM.Collect$$libinit$$00000004  c_w.l(libinit2.o)
    0x0800027c   0x0800027c   0x00000000   Code   RO         3014    .ARM.Collect$$libinit$$0000000A  c_w.l(libinit2.o)
    0x0800027c   0x0800027c   0x00000000   Code   RO         3016    .ARM.Collect$$libinit$$0000000C  c_w.l(libinit2.o)
    0x0800027c   0x0800027c   0x00000000   Code   RO         3018    .ARM.Collect$$libinit$$0000000E  c_w.l(libinit2.o)
    0x0800027c   0x0800027c   0x00000006   Code   RO         3019    .ARM.Collect$$libinit$$0000000F  c_w.l(libinit2.o)
    0x08000282   0x08000282   0x00000000   Code   RO         3021    .ARM.Collect$$libinit$$00000011  c_w.l(libinit2.o)
    0x08000282   0x08000282   0x00000000   Code   RO         3023    .ARM.Collect$$libinit$$00000013  c_w.l(libinit2.o)
    0x08000282   0x08000282   0x00000000   Code   RO         3025    .ARM.Collect$$libinit$$00000015  c_w.l(libinit2.o)
    0x08000282   0x08000282   0x0000000a   Code   RO         3026    .ARM.Collect$$libinit$$00000016  c_w.l(libinit2.o)
    0x0800028c   0x0800028c   0x00000000   Code   RO         3027    .ARM.Collect$$libinit$$00000017  c_w.l(libinit2.o)
    0x0800028c   0x0800028c   0x00000000   Code   RO         3029    .ARM.Collect$$libinit$$00000019  c_w.l(libinit2.o)
    0x0800028c   0x0800028c   0x00000000   Code   RO         3031    .ARM.Collect$$libinit$$0000001B  c_w.l(libinit2.o)
    0x0800028c   0x0800028c   0x00000000   Code   RO         3033    .ARM.Collect$$libinit$$0000001D  c_w.l(libinit2.o)
    0x0800028c   0x0800028c   0x00000000   Code   RO         3035    .ARM.Collect$$libinit$$0000001F  c_w.l(libinit2.o)
    0x0800028c   0x0800028c   0x00000000   Code   RO         3037    .ARM.Collect$$libinit$$00000021  c_w.l(libinit2.o)
    0x0800028c   0x0800028c   0x00000000   Code   RO         3039    .ARM.Collect$$libinit$$00000023  c_w.l(libinit2.o)
    0x0800028c   0x0800028c   0x00000000   Code   RO         3041    .ARM.Collect$$libinit$$00000025  c_w.l(libinit2.o)
    0x0800028c   0x0800028c   0x00000000   Code   RO         3045    .ARM.Collect$$libinit$$0000002C  c_w.l(libinit2.o)
    0x0800028c   0x0800028c   0x00000000   Code   RO         3047    .ARM.Collect$$libinit$$0000002E  c_w.l(libinit2.o)
    0x0800028c   0x0800028c   0x00000000   Code   RO         3049    .ARM.Collect$$libinit$$00000030  c_w.l(libinit2.o)
    0x0800028c   0x0800028c   0x00000000   Code   RO         3051    .ARM.Collect$$libinit$$00000032  c_w.l(libinit2.o)
    0x0800028c   0x0800028c   0x00000002   Code   RO         3052    .ARM.Collect$$libinit$$00000033  c_w.l(libinit2.o)
    0x0800028e   0x0800028e   0x00000002   Code   RO         3230    .ARM.Collect$$libshutdown$$00000000  c_w.l(libshutdown.o)
    0x08000290   0x08000290   0x00000000   Code   RO         3186    .ARM.Collect$$libshutdown$$00000002  c_w.l(libshutdown2.o)
    0x08000290   0x08000290   0x00000000   Code   RO         3188    .ARM.Collect$$libshutdown$$00000004  c_w.l(libshutdown2.o)
    0x08000290   0x08000290   0x00000000   Code   RO         3191    .ARM.Collect$$libshutdown$$00000007  c_w.l(libshutdown2.o)
    0x08000290   0x08000290   0x00000000   Code   RO         3194    .ARM.Collect$$libshutdown$$0000000A  c_w.l(libshutdown2.o)
    0x08000290   0x08000290   0x00000000   Code   RO         3196    .ARM.Collect$$libshutdown$$0000000C  c_w.l(libshutdown2.o)
    0x08000290   0x08000290   0x00000000   Code   RO         3199    .ARM.Collect$$libshutdown$$0000000F  c_w.l(libshutdown2.o)
    0x08000290   0x08000290   0x00000002   Code   RO         3200    .ARM.Collect$$libshutdown$$00000010  c_w.l(libshutdown2.o)
    0x08000292   0x08000292   0x00000000   Code   RO         2969    .ARM.Collect$$rtentry$$00000000  c_w.l(__rtentry.o)
    0x08000292   0x08000292   0x00000000   Code   RO         3070    .ARM.Collect$$rtentry$$00000002  c_w.l(__rtentry2.o)
    0x08000292   0x08000292   0x00000006   Code   RO         3082    .ARM.Collect$$rtentry$$00000004  c_w.l(__rtentry4.o)
    0x08000298   0x08000298   0x00000000   Code   RO         3072    .ARM.Collect$$rtentry$$00000009  c_w.l(__rtentry2.o)
    0x08000298   0x08000298   0x00000004   Code   RO         3073    .ARM.Collect$$rtentry$$0000000A  c_w.l(__rtentry2.o)
    0x0800029c   0x0800029c   0x00000000   Code   RO         3075    .ARM.Collect$$rtentry$$0000000C  c_w.l(__rtentry2.o)
    0x0800029c   0x0800029c   0x00000008   Code   RO         3076    .ARM.Collect$$rtentry$$0000000D  c_w.l(__rtentry2.o)
    0x080002a4   0x080002a4   0x00000002   Code   RO         3175    .ARM.Collect$$rtexit$$00000000  c_w.l(rtexit.o)
    0x080002a6   0x080002a6   0x00000000   Code   RO         3204    .ARM.Collect$$rtexit$$00000002  c_w.l(rtexit2.o)
    0x080002a6   0x080002a6   0x00000004   Code   RO         3205    .ARM.Collect$$rtexit$$00000003  c_w.l(rtexit2.o)
    0x080002aa   0x080002aa   0x00000006   Code   RO         3206    .ARM.Collect$$rtexit$$00000004  c_w.l(rtexit2.o)
    0x080002b0   0x080002b0   0x00000040   Code   RO         2773  * .text               startup_stm32f429_439xx.o
    0x080002f0   0x080002f0   0x00000028   Code   RO         2884    .text               c_w.l(noretval__2sprintf.o)
    0x08000318   0x08000318   0x0000004e   Code   RO         2888    .text               c_w.l(_printf_pad.o)
    0x08000366   0x08000366   0x00000002   PAD
    0x08000368   0x08000368   0x00000078   Code   RO         2890    .text               c_w.l(_printf_dec.o)
    0x080003e0   0x080003e0   0x00000058   Code   RO         2895    .text               c_w.l(_printf_hex_int.o)
    0x08000438   0x08000438   0x00000138   Code   RO         2925    .text               c_w.l(__printf_flags_wp.o)
    0x08000570   0x08000570   0x00000006   Code   RO         2937    .text               c_w.l(heapauxi.o)
    0x08000576   0x08000576   0x000000b2   Code   RO         2995    .text               c_w.l(_printf_intcommon.o)
    0x08000628   0x08000628   0x0000041e   Code   RO         2997    .text               c_w.l(_printf_fp_dec.o)
    0x08000a46   0x08000a46   0x00000002   PAD
    0x08000a48   0x08000a48   0x00000030   Code   RO         2999    .text               c_w.l(_printf_char_common.o)
    0x08000a78   0x08000a78   0x0000000a   Code   RO         3001    .text               c_w.l(_sputc.o)
    0x08000a82   0x08000a82   0x00000002   PAD
    0x08000a84   0x08000a84   0x00000008   Code   RO         3066    .text               c_w.l(libspace.o)
    0x08000a8c   0x08000a8c   0x00000008   Code   RO         3087    .text               c_w.l(rt_locale_intlibspace.o)
    0x08000a94   0x08000a94   0x0000008a   Code   RO         3097    .text               c_w.l(lludiv10.o)
    0x08000b1e   0x08000b1e   0x00000002   PAD
    0x08000b20   0x08000b20   0x00000080   Code   RO         3099    .text               c_w.l(_printf_fp_infnan.o)
    0x08000ba0   0x08000ba0   0x000000e4   Code   RO         3103    .text               c_w.l(bigflt0.o)
    0x08000c84   0x08000c84   0x00000002   Code   RO         3146    .text               c_w.l(use_no_semi.o)
    0x08000c86   0x08000c86   0x00000000   Code   RO         3148    .text               c_w.l(indicate_semi.o)
    0x08000c86   0x08000c86   0x0000004a   Code   RO         3149    .text               c_w.l(sys_stackheap_outer.o)
    0x08000cd0   0x08000cd0   0x00000012   Code   RO         3155    .text               c_w.l(exit.o)
    0x08000ce2   0x08000ce2   0x00000002   PAD
    0x08000ce4   0x08000ce4   0x00000080   Code   RO         3161    .text               c_w.l(strcmpv7m.o)
    0x08000d64   0x08000d64   0x0000000c   Code   RO         3173    .text               c_w.l(sys_exit.o)
    0x08000d70   0x08000d70   0x0000003e   Code   RO         3106    CL$$btod_d2e        c_w.l(btod.o)
    0x08000dae   0x08000dae   0x00000046   Code   RO         3108    CL$$btod_d2e_denorm_low  c_w.l(btod.o)
    0x08000df4   0x08000df4   0x00000060   Code   RO         3107    CL$$btod_d2e_norm_op1  c_w.l(btod.o)
    0x08000e54   0x08000e54   0x00000338   Code   RO         3116    CL$$btod_div_common  c_w.l(btod.o)
    0x0800118c   0x0800118c   0x000000dc   Code   RO         3113    CL$$btod_e2e        c_w.l(btod.o)
    0x08001268   0x08001268   0x0000002a   Code   RO         3110    CL$$btod_ediv       c_w.l(btod.o)
    0x08001292   0x08001292   0x0000002a   Code   RO         3109    CL$$btod_emul       c_w.l(btod.o)
    0x080012bc   0x080012bc   0x00000244   Code   RO         3115    CL$$btod_mult_common  c_w.l(btod.o)
    0x08001500   0x08001500   0x00000016   Code   RO         1035    i.ADC_Cmd           stm32f4xx_adc.o
    0x08001516   0x08001516   0x00000002   PAD
    0x08001518   0x08001518   0x00000030   Code   RO         1036    i.ADC_CommonInit    stm32f4xx_adc.o
    0x08001548   0x08001548   0x00000016   Code   RO         1039    i.ADC_DMACmd        stm32f4xx_adc.o
    0x0800155e   0x0800155e   0x00000016   Code   RO         1040    i.ADC_DMARequestAfterLastTransferCmd  stm32f4xx_adc.o
    0x08001574   0x08001574   0x00000054   Code   RO         1055    i.ADC_Init          stm32f4xx_adc.o
    0x080015c8   0x080015c8   0x000000b8   Code   RO         1060    i.ADC_RegularChannelConfig  stm32f4xx_adc.o
    0x08001680   0x08001680   0x0000000a   Code   RO         1062    i.ADC_SoftwareStartConv  stm32f4xx_adc.o
    0x0800168a   0x0800168a   0x00000016   Code   RO         1277    i.DMA_Cmd           stm32f4xx_dma.o
    0x080016a0   0x080016a0   0x00000058   Code   RO         1289    i.DMA_Init          stm32f4xx_dma.o
    0x080016f8   0x080016f8   0x00000040   Code   RO          801    i.Delay             tm_stm32f4_onewire.o
    0x08001738   0x08001738   0x00000034   Code   RO            4    i.GPIOA_Init_AIN    main.o
    0x0800176c   0x0800176c   0x00000034   Code   RO            5    i.GPIOB_Init_OUTPUT  main.o
    0x080017a0   0x080017a0   0x00000034   Code   RO            6    i.GPIOC_Init_AIN    main.o
    0x080017d4   0x080017d4   0x00000034   Code   RO            7    i.GPIOC_Init_OUTPUT  main.o
    0x08001808   0x08001808   0x00000034   Code   RO            8    i.GPIOE_Disable_OUTPUT  main.o
    0x0800183c   0x0800183c   0x00000034   Code   RO            9    i.GPIOE_Init_OUTPUT  main.o
    0x08001870   0x08001870   0x00000034   Code   RO           10    i.GPIOF_Init_AIN    main.o
    0x080018a4   0x080018a4   0x00000034   Code   RO           11    i.GPIOF_Init_OUTPUT  main.o
    0x080018d8   0x080018d8   0x00000034   Code   RO           12    i.GPIOG_Init_OUTPUT  main.o
    0x0800190c   0x0800190c   0x00000090   Code   RO         1408    i.GPIO_Init         stm32f4xx_gpio.o
    0x0800199c   0x0800199c   0x00000004   Code   RO         1415    i.GPIO_ResetBits    stm32f4xx_gpio.o
    0x080019a0   0x080019a0   0x00000004   Code   RO         1416    i.GPIO_SetBits      stm32f4xx_gpio.o
    0x080019a4   0x080019a4   0x000000c0   Code   RO           13    i.Init_ADC1         main.o
    0x08001a64   0x08001a64   0x000000a8   Code   RO           14    i.Init_ADC2         main.o
    0x08001b0c   0x08001b0c   0x0000009c   Code   RO           15    i.Init_ADC3         main.o
    0x08001ba8   0x08001ba8   0x00000068   Code   RO           16    i.Init_DMA2_CH0_ADC1  main.o
    0x08001c10   0x08001c10   0x0000006c   Code   RO           17    i.Init_DMA2_CH1_ADC2  main.o
    0x08001c7c   0x08001c7c   0x0000006c   Code   RO           18    i.Init_DMA2_CH2_ADC3  main.o
    0x08001ce8   0x08001ce8   0x00000078   Code   RO          981    i.NVIC_Init         misc.o
    0x08001d60   0x08001d60   0x00000020   Code   RO         1623    i.RCC_AHB1PeriphClockCmd  stm32f4xx_rcc.o
    0x08001d80   0x08001d80   0x00000020   Code   RO         1632    i.RCC_APB1PeriphClockCmd  stm32f4xx_rcc.o
    0x08001da0   0x08001da0   0x00000020   Code   RO         1635    i.RCC_APB2PeriphClockCmd  stm32f4xx_rcc.o
    0x08001dc0   0x08001dc0   0x00000040   Code   RO         1645    i.RCC_GetFlagStatus  stm32f4xx_rcc.o
    0x08001e00   0x08001e00   0x00000010   Code   RO         1649    i.RCC_HSEConfig     stm32f4xx_rcc.o
    0x08001e10   0x08001e10   0x00000038   Code   RO         1674    i.RCC_WaitForHSEStartUp  stm32f4xx_rcc.o
    0x08001e48   0x08001e48   0x00000120   Code   RO         2780    i.SetSysClock       system_stm32f4xx.o
    0x08001f68   0x08001f68   0x000000b0   Code   RO          259    i.SysTick_Handler   tm_stm32f4_delay.o
    0x08002018   0x08002018   0x00000068   Code   RO         2782    i.SystemInit        system_stm32f4xx.o
    0x08002080   0x08002080   0x000000f8   Code   RO           19    i.TIM3_IRQHandler   main.o
    0x08002178   0x08002178   0x00000006   Code   RO         2026    i.TIM_ClearITPendingBit  stm32f4xx_tim.o
    0x0800217e   0x0800217e   0x00000018   Code   RO         2031    i.TIM_Cmd           stm32f4xx_tim.o
    0x08002196   0x08002196   0x00000022   Code   RO         2052    i.TIM_GetITStatus   stm32f4xx_tim.o
    0x080021b8   0x080021b8   0x00000012   Code   RO         2056    i.TIM_ITConfig      stm32f4xx_tim.o
    0x080021ca   0x080021ca   0x00000002   PAD
    0x080021cc   0x080021cc   0x00000084   Code   RO         2103    i.TIM_TimeBaseInit  stm32f4xx_tim.o
    0x08002250   0x08002250   0x00000088   Code   RO          262    i.TM_DELAY_Init     tm_stm32f4_delay.o
    0x080022d8   0x080022d8   0x0000000c   Code   RO          699    i.TM_DS18B20_AllDone  tm_stm32f4_ds18b20.o
    0x080022e4   0x080022e4   0x00000010   Code   RO          702    i.TM_DS18B20_Is     tm_stm32f4_ds18b20.o
    0x080022f4   0x080022f4   0x00000184   Code   RO          703    i.TM_DS18B20_Read   tm_stm32f4_ds18b20.o
    0x08002478   0x08002478   0x000000d0   Code   RO          706    i.TM_DS18B20_SetResolution  tm_stm32f4_ds18b20.o
    0x08002548   0x08002548   0x0000001c   Code   RO          708    i.TM_DS18B20_StartAll  tm_stm32f4_ds18b20.o
    0x08002564   0x08002564   0x0000000e   Code   RO          366    i.TM_GPIO_GetPortSource  tm_stm32f4_gpio.o
    0x08002572   0x08002572   0x00000002   PAD
    0x08002574   0x08002574   0x00000020   Code   RO          369    i.TM_GPIO_INT_EnableClock  tm_stm32f4_gpio.o
    0x08002594   0x08002594   0x000000b0   Code   RO          370    i.TM_GPIO_INT_Init  tm_stm32f4_gpio.o
    0x08002644   0x08002644   0x00000030   Code   RO          371    i.TM_GPIO_Init      tm_stm32f4_gpio.o
    0x08002674   0x08002674   0x00000026   Code   RO          376    i.TM_GPIO_SetPinAsInput  tm_stm32f4_gpio.o
    0x0800269a   0x0800269a   0x0000002e   Code   RO          377    i.TM_GPIO_SetPinAsOutput  tm_stm32f4_gpio.o
    0x080026c8   0x080026c8   0x00000038   Code   RO          802    i.TM_OneWire_CRC8   tm_stm32f4_onewire.o
    0x08002700   0x08002700   0x00000014   Code   RO          804    i.TM_OneWire_First  tm_stm32f4_onewire.o
    0x08002714   0x08002714   0x00000018   Code   RO          805    i.TM_OneWire_GetFullROM  tm_stm32f4_onewire.o
    0x0800272c   0x0800272c   0x00000024   Code   RO          807    i.TM_OneWire_Init   tm_stm32f4_onewire.o
    0x08002750   0x08002750   0x0000000e   Code   RO          808    i.TM_OneWire_Next   tm_stm32f4_onewire.o
    0x0800275e   0x0800275e   0x00000046   Code   RO          809    i.TM_OneWire_ReadBit  tm_stm32f4_onewire.o
    0x080027a4   0x080027a4   0x00000026   Code   RO          810    i.TM_OneWire_ReadByte  tm_stm32f4_onewire.o
    0x080027ca   0x080027ca   0x00000046   Code   RO          811    i.TM_OneWire_Reset  tm_stm32f4_onewire.o
    0x08002810   0x08002810   0x0000000a   Code   RO          812    i.TM_OneWire_ResetSearch  tm_stm32f4_onewire.o
    0x0800281a   0x0800281a   0x00000108   Code   RO          813    i.TM_OneWire_Search  tm_stm32f4_onewire.o
    0x08002922   0x08002922   0x00000024   Code   RO          815    i.TM_OneWire_SelectWithPointer  tm_stm32f4_onewire.o
    0x08002946   0x08002946   0x00000060   Code   RO          818    i.TM_OneWire_WriteBit  tm_stm32f4_onewire.o
    0x080029a6   0x080029a6   0x00000022   Code   RO          819    i.TM_OneWire_WriteByte  tm_stm32f4_onewire.o
    0x080029c8   0x080029c8   0x00000084   Code   RO          497    i.TM_USART_INT_GetUsart  tm_stm32f4_usart.o
    0x08002a4c   0x08002a4c   0x00000028   Code   RO          499    i.TM_USART_INT_InsertToBuffer  tm_stm32f4_usart.o
    0x08002a74   0x08002a74   0x00000046   Code   RO          503    i.TM_USART_Puts     tm_stm32f4_usart.o
    0x08002aba   0x08002aba   0x00000002   PAD
    0x08002abc   0x08002abc   0x00000024   Code   RO          506    i.UART4_IRQHandler  tm_stm32f4_usart.o
    0x08002ae0   0x08002ae0   0x00000024   Code   RO          507    i.UART5_IRQHandler  tm_stm32f4_usart.o
    0x08002b04   0x08002b04   0x00000024   Code   RO          508    i.UART7_IRQHandler  tm_stm32f4_usart.o
    0x08002b28   0x08002b28   0x00000024   Code   RO          509    i.UART8_IRQHandler  tm_stm32f4_usart.o
    0x08002b4c   0x08002b4c   0x00000024   Code   RO          510    i.USART1_IRQHandler  tm_stm32f4_usart.o
    0x08002b70   0x08002b70   0x00000024   Code   RO          511    i.USART2_IRQHandler  tm_stm32f4_usart.o
    0x08002b94   0x08002b94   0x00000024   Code   RO          512    i.USART3_IRQHandler  tm_stm32f4_usart.o
    0x08002bb8   0x08002bb8   0x00000024   Code   RO          513    i.USART6_IRQHandler  tm_stm32f4_usart.o
    0x08002bdc   0x08002bdc   0x00000030   Code   RO         3144    i.__ARM_fpclassify  m_wm.l(fpclassify.o)
    0x08002c0c   0x08002c0c   0x0000000e   Code   RO         2923    i._is_digit         c_w.l(__printf_wp.o)
    0x08002c1a   0x08002c1a   0x00000002   PAD
    0x08002c1c   0x08002c1c   0x00000068   Code   RO           20    i.akimKesme         main.o
    0x08002c84   0x08002c84   0x000000ae   Code   RO           21    i.gerilimFiltre     main.o
    0x08002d32   0x08002d32   0x00000002   PAD
    0x08002d34   0x08002d34   0x000003b0   Code   RO           22    i.gerilimHesabi     main.o
    0x080030e4   0x080030e4   0x00000950   Code   RO           24    i.main              main.o
    0x08003a34   0x08003a34   0x0000001e   Code   RO           25    i.roundFloat        main.o
    0x08003a52   0x08003a52   0x00000002   PAD
    0x08003a54   0x08003a54   0x0000002c   Code   RO         3129    locale$$code        c_w.l(lc_numeric_c.o)
    0x08003a80   0x08003a80   0x00000062   Code   RO         2941    x$fpl$d2f           fz_wm.l(d2f.o)
    0x08003ae2   0x08003ae2   0x0000002e   Code   RO         2954    x$fpl$dflt          fz_wm.l(dflt_clz.o)
    0x08003b10   0x08003b10   0x00000154   Code   RO         2961    x$fpl$dmul          fz_wm.l(dmul.o)
    0x08003c64   0x08003c64   0x0000009c   Code   RO         3055    x$fpl$dnaninf       fz_wm.l(dnaninf.o)
    0x08003d00   0x08003d00   0x0000000c   Code   RO         3057    x$fpl$dretinf       fz_wm.l(dretinf.o)
    0x08003d0c   0x08003d0c   0x00000056   Code   RO         2963    x$fpl$f2d           fz_wm.l(f2d.o)
    0x08003d62   0x08003d62   0x0000008c   Code   RO         3059    x$fpl$fnaninf       fz_wm.l(fnaninf.o)
    0x08003dee   0x08003dee   0x0000000a   Code   RO         3140    x$fpl$fpinit        fz_wm.l(fpinit.o)
    0x08003df8   0x08003df8   0x0000000a   Code   RO         3061    x$fpl$fretinf       fz_wm.l(fretinf.o)
    0x08003e02   0x08003e02   0x00000004   Code   RO         2965    x$fpl$printf1       fz_wm.l(printf1.o)
    0x08003e06   0x08003e06   0x00000000   Code   RO         3063    x$fpl$usenofp       fz_wm.l(usenofp.o)
    0x08003e06   0x08003e06   0x00000028   Data   RO         2896    .constdata          c_w.l(_printf_hex_int.o)
    0x08003e2e   0x08003e2e   0x00000011   Data   RO         2926    .constdata          c_w.l(__printf_flags_wp.o)
    0x08003e3f   0x08003e3f   0x00000001   PAD
    0x08003e40   0x08003e40   0x00000094   Data   RO         3104    .constdata          c_w.l(bigflt0.o)
    0x08003ed4   0x08003ed4   0x00000020   Data   RO         3231    Region$$Table       anon$$obj.o
    0x08003ef4   0x08003ef4   0x0000001c   Data   RO         3128    locale$$data        c_w.l(lc_numeric_c.o)


    Execution Region ER_RW (Exec base: 0x20000000, Load base: 0x08003f10, Size: 0x00000184, Max: 0xffffffff, ABSOLUTE, COMPRESSED[0x00000034])

    Exec Addr    Load Addr    Size         Type   Attr      Idx    E Section Name        Object

    0x20000000   COMPRESSED   0x000000dc   Data   RW           27    .data               main.o
    0x200000dc   COMPRESSED   0x00000011   Data   RW          271    .data               tm_stm32f4_delay.o
    0x200000ed   COMPRESSED   0x00000003   PAD
    0x200000f0   COMPRESSED   0x00000080   Data   RW          515    .data               tm_stm32f4_usart.o
    0x20000170   COMPRESSED   0x00000014   Data   RW         2783    .data               system_stm32f4xx.o


    Execution Region ER_ZI (Exec base: 0x20000184, Load base: 0x08003f44, Size: 0x00000eac, Max: 0xffffffff, ABSOLUTE)

    Exec Addr    Load Addr    Size         Type   Attr      Idx    E Section Name        Object

    0x20000184        -       0x0000071a   Zero   RW           26    .bss                main.o
    0x2000089e   0x08003f44   0x00000002   PAD
    0x200008a0        -       0x00000018   Zero   RW          270    .bss                tm_stm32f4_delay.o
    0x200008b8        -       0x00000016   Zero   RW          379    .bss                tm_stm32f4_gpio.o
    0x200008ce        -       0x00000100   Zero   RW          514    .bss                tm_stm32f4_usart.o
    0x200009ce   0x08003f44   0x00000002   PAD
    0x200009d0        -       0x00000060   Zero   RW         3067    .bss                c_w.l(libspace.o)
    0x20000a30        -       0x00000200   Zero   RW         2771    HEAP                startup_stm32f429_439xx.o
    0x20000c30        -       0x00000400   Zero   RW         2770    STACK               startup_stm32f429_439xx.o


==============================================================================

Image component sizes


      Code (inc. data)   RO Data    RW Data    ZI Data      Debug   Object Name

      5188        668          0        220       1818     345549   main.o
       120         14          0          0          0       1408   misc.o
        64         26        428          0       1536        860   startup_stm32f429_439xx.o
       392         24          0          0          0       6515   stm32f4xx_adc.o
       110          6          0          0          0       2865   stm32f4xx_dma.o
       152          0          0          0          0       2796   stm32f4xx_gpio.o
       232         26          0          0          0       6415   stm32f4xx_rcc.o
       214         28          0          0          0       4478   stm32f4xx_tim.o
       392         32          0         20          0       2057   system_stm32f4xx.o
       312         40          0         17         24      33353   tm_stm32f4_delay.o
       652         14          0          0          0       6872   tm_stm32f4_ds18b20.o
       354         10          0          0         22       6669   tm_stm32f4_gpio.o
       832         18          0          0          0      10040   tm_stm32f4_onewire.o
       530        132          0        128        256       7352   tm_stm32f4_usart.o

    ----------------------------------------------------------------------
      9556       1038        460        388       3660     437229   Object Totals
         0          0         32          0          0          0   (incl. Generated)
        12          0          0          3          4          0   (incl. Padding)

    ----------------------------------------------------------------------

      Code (inc. data)   RO Data    RW Data    ZI Data      Debug   Library Member Name

        90          0          0          0          0          0   __dczerorl2.o
         8          0          0          0          0         68   __main.o
       312          4         17          0          0         92   __printf_flags_wp.o
        14          0          0          0          0         68   __printf_wp.o
         0          0          0          0          0          0   __rtentry.o
        12          0          0          0          0          0   __rtentry2.o
         6          0          0          0          0          0   __rtentry4.o
        52          8          0          0          0          0   __scatter.o
        28          0          0          0          0          0   __scatter_zi.o
        48          6          0          0          0         96   _printf_char_common.o
         6          0          0          0          0          0   _printf_d.o
       120         16          0          0          0         92   _printf_dec.o
         6          0          0          0          0          0   _printf_f.o
      1054          0          0          0          0        216   _printf_fp_dec.o
       128         16          0          0          0         84   _printf_fp_infnan.o
        88          4         40          0          0         88   _printf_hex_int.o
       178          0          0          0          0         88   _printf_intcommon.o
        78          0          0          0          0        108   _printf_pad.o
         0          0          0          0          0          0   _printf_percent.o
         4          0          0          0          0          0   _printf_percent_end.o
         6          0          0          0          0          0   _printf_x.o
        10          0          0          0          0         68   _sputc.o
       228          4        148          0          0         96   bigflt0.o
      1936        128          0          0          0        672   btod.o
        18          0          0          0          0         80   exit.o
         6          0          0          0          0        152   heapauxi.o
         0          0          0          0          0          0   indicate_semi.o
        44         10         28          0          0         76   lc_numeric_c.o
         2          0          0          0          0          0   libinit.o
        22          0          0          0          0          0   libinit2.o
         2          0          0          0          0          0   libshutdown.o
         2          0          0          0          0          0   libshutdown2.o
         8          4          0          0         96         68   libspace.o
       138          0          0          0          0         80   lludiv10.o
        40          6          0          0          0         84   noretval__2sprintf.o
         8          4          0          0          0         68   rt_locale_intlibspace.o
         2          0          0          0          0          0   rtexit.o
        10          0          0          0          0          0   rtexit2.o
       128          0          0          0          0         68   strcmpv7m.o
        12          4          0          0          0         68   sys_exit.o
        74          0          0          0          0         80   sys_stackheap_outer.o
         2          0          0          0          0         68   use_no_semi.o
        98          4          0          0          0        140   d2f.o
        46          0          0          0          0        116   dflt_clz.o
       340         12          0          0          0        152   dmul.o
       156          4          0          0          0        140   dnaninf.o
        12          0          0          0          0        116   dretinf.o
        86          4          0          0          0        132   f2d.o
       140          4          0          0          0        132   fnaninf.o
        10          0          0          0          0        116   fpinit.o
        10          0          0          0          0        116   fretinf.o
         4          0          0          0          0        116   printf1.o
         0          0          0          0          0          0   usenofp.o
        48          0          0          0          0        124   fpclassify.o

    ----------------------------------------------------------------------
      5894        242        234          0         96       4128   Library Totals
        14          0          1          0          0          0   (incl. Padding)

    ----------------------------------------------------------------------

      Code (inc. data)   RO Data    RW Data    ZI Data      Debug   Library Name

      4930        214        233          0         96       2728   c_w.l
       902         28          0          0          0       1276   fz_wm.l
        48          0          0          0          0        124   m_wm.l

    ----------------------------------------------------------------------
      5894        242        234          0         96       4128   Library Totals

    ----------------------------------------------------------------------

==============================================================================


      Code (inc. data)   RO Data    RW Data    ZI Data      Debug   

     15450       1280        694        388       3756     431001   Grand Totals
     15450       1280        694         52       3756     431001   ELF Image Totals (compressed)
     15450       1280        694         52          0          0   ROM Totals

==============================================================================

    Total RO  Size (Code + RO Data)                16144 (  15.77kB)
    Total RW  Size (RW Data + ZI Data)              4144 (   4.05kB)
    Total ROM Size (Code + RO Data + RW Data)      16196 (  15.82kB)

==============================================================================

